Archive member included to satisfy reference by file (symbol)

d:/ruanjian/quartus15.0/quartus/nios2eds/bin/gnu/h-x86_64-mingw32/bin/../lib/gcc/nios2-elf/4.9.1\libgcc.a(_fixunssfsi.o)
                              obj/default/Sign_G.o (__fixunssfsi)
d:/ruanjian/quartus15.0/quartus/nios2eds/bin/gnu/h-x86_64-mingw32/bin/../lib/gcc/nios2-elf/4.9.1\libgcc.a(addsf3.o)
                              obj/default/Sign_G.o (__addsf3)
d:/ruanjian/quartus15.0/quartus/nios2eds/bin/gnu/h-x86_64-mingw32/bin/../lib/gcc/nios2-elf/4.9.1\libgcc.a(divsf3.o)
                              obj/default/Sign_G.o (__divsf3)
d:/ruanjian/quartus15.0/quartus/nios2eds/bin/gnu/h-x86_64-mingw32/bin/../lib/gcc/nios2-elf/4.9.1\libgcc.a(gesf2.o)
                              d:/ruanjian/quartus15.0/quartus/nios2eds/bin/gnu/h-x86_64-mingw32/bin/../lib/gcc/nios2-elf/4.9.1\libgcc.a(_fixunssfsi.o) (__gesf2)
d:/ruanjian/quartus15.0/quartus/nios2eds/bin/gnu/h-x86_64-mingw32/bin/../lib/gcc/nios2-elf/4.9.1\libgcc.a(lesf2.o)
                              obj/default/Sign_G.o (__lesf2)
d:/ruanjian/quartus15.0/quartus/nios2eds/bin/gnu/h-x86_64-mingw32/bin/../lib/gcc/nios2-elf/4.9.1\libgcc.a(mulsf3.o)
                              obj/default/Sign_G.o (__mulsf3)
d:/ruanjian/quartus15.0/quartus/nios2eds/bin/gnu/h-x86_64-mingw32/bin/../lib/gcc/nios2-elf/4.9.1\libgcc.a(subsf3.o)
                              obj/default/Sign_G.o (__subsf3)
d:/ruanjian/quartus15.0/quartus/nios2eds/bin/gnu/h-x86_64-mingw32/bin/../lib/gcc/nios2-elf/4.9.1\libgcc.a(fixsfsi.o)
                              obj/default/Sign_G.o (__fixsfsi)
d:/ruanjian/quartus15.0/quartus/nios2eds/bin/gnu/h-x86_64-mingw32/bin/../lib/gcc/nios2-elf/4.9.1\libgcc.a(floatsisf.o)
                              obj/default/Sign_G.o (__floatsisf)
d:/ruanjian/quartus15.0/quartus/nios2eds/bin/gnu/h-x86_64-mingw32/bin/../lib/gcc/nios2-elf/4.9.1\libgcc.a(floatunsisf.o)
                              obj/default/Sign_G.o (__floatunsisf)
d:/ruanjian/quartus15.0/quartus/nios2eds/bin/gnu/h-x86_64-mingw32/bin/../lib/gcc/nios2-elf/4.9.1\libgcc.a(divdf3.o)
                              obj/default/Sign_G.o (__divdf3)
d:/ruanjian/quartus15.0/quartus/nios2eds/bin/gnu/h-x86_64-mingw32/bin/../lib/gcc/nios2-elf/4.9.1\libgcc.a(gedf2.o)
                              obj/default/Sign_G.o (__gedf2)
d:/ruanjian/quartus15.0/quartus/nios2eds/bin/gnu/h-x86_64-mingw32/bin/../lib/gcc/nios2-elf/4.9.1\libgcc.a(muldf3.o)
                              obj/default/Sign_G.o (__muldf3)
d:/ruanjian/quartus15.0/quartus/nios2eds/bin/gnu/h-x86_64-mingw32/bin/../lib/gcc/nios2-elf/4.9.1\libgcc.a(floatsidf.o)
                              obj/default/Sign_G.o (__floatsidf)
d:/ruanjian/quartus15.0/quartus/nios2eds/bin/gnu/h-x86_64-mingw32/bin/../lib/gcc/nios2-elf/4.9.1\libgcc.a(extendsfdf2.o)
                              obj/default/Sign_G.o (__extendsfdf2)
d:/ruanjian/quartus15.0/quartus/nios2eds/bin/gnu/h-x86_64-mingw32/bin/../lib/gcc/nios2-elf/4.9.1\libgcc.a(truncdfsf2.o)
                              obj/default/Sign_G.o (__truncdfsf2)
d:/ruanjian/quartus15.0/quartus/nios2eds/bin/gnu/h-x86_64-mingw32/bin/../lib/gcc/nios2-elf/4.9.1\libgcc.a(_clzsi2.o)
                              d:/ruanjian/quartus15.0/quartus/nios2eds/bin/gnu/h-x86_64-mingw32/bin/../lib/gcc/nios2-elf/4.9.1\libgcc.a(addsf3.o) (__clzsi2)
d:/ruanjian/quartus15.0/quartus/nios2eds/bin/gnu/h-x86_64-mingw32/bin/../lib/gcc/nios2-elf/4.9.1\libgcc.a(lib2-divmod.o)
                              d:/ruanjian/quartus15.0/quartus/nios2eds/bin/gnu/h-x86_64-mingw32/bin/../lib/gcc/nios2-elf/4.9.1\libgcc.a(divdf3.o) (__udivsi3)
d:/ruanjian/quartus15.0/quartus/nios2eds/bin/gnu/h-x86_64-mingw32/bin/../lib/gcc/nios2-elf/4.9.1\libgcc.a(_clz.o)
                              d:/ruanjian/quartus15.0/quartus/nios2eds/bin/gnu/h-x86_64-mingw32/bin/../lib/gcc/nios2-elf/4.9.1\libgcc.a(_clzsi2.o) (__clz_tab)
d:/ruanjian/quartus15.0/quartus/nios2eds/bin/gnu/h-x86_64-mingw32/bin/../lib/gcc/nios2-elf/4.9.1/../../../../../H-x86_64-mingw32/nios2-elf/lib\libc.a(lib_a-memcpy.o)
                              obj/default/Sign_G.o (memcpy)
d:/ruanjian/quartus15.0/quartus/nios2eds/bin/gnu/h-x86_64-mingw32/bin/../lib/gcc/nios2-elf/4.9.1/../../../../../H-x86_64-mingw32/nios2-elf/lib\libc.a(lib_a-memset.o)
                              obj/default/Sign_G.o (memset)
d:/ruanjian/quartus15.0/quartus/nios2eds/bin/gnu/h-x86_64-mingw32/bin/../lib/gcc/nios2-elf/4.9.1/../../../../../H-x86_64-mingw32/nios2-elf/lib\libc.a(lib_a-printf.o)
                              obj/default/Sign_G.o (printf)
d:/ruanjian/quartus15.0/quartus/nios2eds/bin/gnu/h-x86_64-mingw32/bin/../lib/gcc/nios2-elf/4.9.1/../../../../../H-x86_64-mingw32/nios2-elf/lib\libc.a(lib_a-strlen.o)
                              obj/default/Sign_G.o (strlen)
d:/ruanjian/quartus15.0/quartus/nios2eds/bin/gnu/h-x86_64-mingw32/bin/../lib/gcc/nios2-elf/4.9.1/../../../../../H-x86_64-mingw32/nios2-elf/lib\libc.a(lib_a-vfprintf.o)
[...]
Memory Configuration

Name             Origin             Length             Attributes
reset            0x0000000000040000 0x0000000000000020
onchip_memory    0x0000000000040020 0x00000000000270e0
*default*        0x0000000000000000 0xffffffffffffffff

Linker script and memory map

LOAD D:/Ruanjian/Quartus15.0/Test/Shouyu/Sign_G/qsys/software/Sign_G_bsp//obj/HAL/src/crt0.o
LOAD obj/default/Sign_G.o
LOAD d:/ruanjian/quartus15.0/quartus/nios2eds/bin/gnu/h-x86_64-mingw32/bin/../lib/gcc/nios2-elf/4.9.1/../../../../../H-x86_64-mingw32/nios2-elf/lib\libstdc++.a
LOAD d:/ruanjian/quartus15.0/quartus/nios2eds/bin/gnu/h-x86_64-mingw32/bin/../lib/gcc/nios2-elf/4.9.1/../../../../../H-x86_64-mingw32/nios2-elf/lib\libm.a
LOAD d:/ruanjian/quartus15.0/quartus/nios2eds/bin/gnu/h-x86_64-mingw32/bin/../lib/gcc/nios2-elf/4.9.1\libgcc.a
START GROUP
LOAD d:/ruanjian/quartus15.0/quartus/nios2eds/bin/gnu/h-x86_64-mingw32/bin/../lib/gcc/nios2-elf/4.9.1/../../../../../H-x86_64-mingw32/nios2-elf/lib\libc.a
LOAD d:/ruanjian/quartus15.0/quartus/nios2eds/bin/gnu/h-x86_64-mingw32/bin/../lib/gcc/nios2-elf/4.9.1\libgcc.a
LOAD D:/Ruanjian/Quartus15.0/Test/Shouyu/Sign_G/qsys/software/Sign_G_bsp/\libhal_bsp.a
LOAD d:/ruanjian/quartus15.0/quartus/nios2eds/bin/gnu/h-x86_64-mingw32/bin/../lib/gcc/nios2-elf/4.9.1/../../../../../H-x86_64-mingw32/nios2-elf/lib\libm.a
END GROUP
LOAD d:/ruanjian/quartus15.0/quartus/nios2eds/bin/gnu/h-x86_64-mingw32/bin/../lib/gcc/nios2-elf/4.9.1\libgcc.a
                0x0000000000040000                __alt_mem_onchip_memory = 0x40000

.entry          0x0000000000040000       0x20
 *(.entry)
 .entry         0x0000000000040000       0x20 D:/Ruanjian/Quartus15.0/Test/Shouyu/Sign_G/qsys/software/Sign_G_bsp//obj/HAL/src/crt0.o
                0x0000000000040000                __reset

.exceptions     0x0000000000040020      0x220
                0x0000000000040020                PROVIDE (__ram_exceptions_start, ABSOLUTE (.))
                0x0000000000040020                . = ALIGN (0x20)
 *(.irq)
 *(.exceptions.entry.label)
 .exceptions.entry.label
                0x0000000000040020        0x0 D:/Ruanjian/Quartus15.0/Test/Shouyu/Sign_G/qsys/software/Sign_G_bsp/\libhal_bsp.a(alt_irq_entry.o)
                0x0000000000040020                alt_irq_entry
 .exceptions.entry.label
                0x0000000000040020        0x0 D:/Ruanjian/Quartus15.0/Test/Shouyu/Sign_G/qsys/software/Sign_G_bsp/\libhal_bsp.a(alt_exception_entry.o)
                0x0000000000040020                alt_exception
 *(.exceptions.entry.user)
 *(.exceptions.entry.ecc_fatal)
 *(.exceptions.entry)
 .exceptions.entry
                0x0000000000040020       0x54 D:/Ruanjian/Quartus15.0/Test/Shouyu/Sign_G/qsys/software/Sign_G_bsp/\libhal_bsp.a(alt_exception_entry.o)
 *(.exceptions.irqtest.user)
 *(.exceptions.irqtest)
 .exceptions.irqtest
                0x0000000000040074       0x10 D:/Ruanjian/Quartus15.0/Test/Shouyu/Sign_G/qsys/software/Sign_G_bsp/\libhal_bsp.a(alt_irq_entry.o)
 *(.exceptions.irqhandler.user)
 *(.exceptions.irqhandler)
 .exceptions.irqhandler
                0x0000000000040084        0x4 D:/Ruanjian/Quartus15.0/Test/Shouyu/Sign_G/qsys/software/Sign_G_bsp/\libhal_bsp.a(alt_irq_entry.o)
 *(.exceptions.irqreturn.user)
 *(.exceptions.irqreturn)
 .exceptions.irqreturn
                0x0000000000040088        0x4 D:/Ruanjian/Quartus15.0/Test/Shouyu/Sign_G/qsys/software/Sign_G_bsp/\libhal_bsp.a(alt_irq_entry.o)
 *(.exceptions.notirq.label)
 .exceptions.notirq.label
                0x000000000004008c        0x0 D:/Ruanjian/Quartus15.0/Test/Shouyu/Sign_G/qsys/software/Sign_G_bsp/\libhal_bsp.a(alt_irq_entry.o)
 *(.exceptions.notirq.user)
 *(.exceptions.notirq)
 .exceptions.notirq
                0x000000000004008c        0x8 D:/Ruanjian/Quartus15.0/Test/Shouyu/Sign_G/qsys/software/Sign_G_bsp/\libhal_bsp.a(alt_exception_entry.o)
 *(.exceptions.soft.user)
 *(.exceptions.soft)
 *(.exceptions.unknown.user)
 *(.exceptions.unknown)
 .exceptions.unknown
                0x0000000000040094       0x14 D:/Ruanjian/Quartus15.0/Test/Shouyu/Sign_G/qsys/software/Sign_G_bsp/\libhal_bsp.a(alt_exception_entry.o)
 *(.exceptions.exit.label)
 .exceptions.exit.label
                0x00000000000400a8        0x0 D:/Ruanjian/Quartus15.0/Test/Shouyu/Sign_G/qsys/software/Sign_G_bsp/\libhal_bsp.a(alt_irq_entry.o)
 .exceptions.exit.label
                0x00000000000400a8        0x0 D:/Ruanjian/Quartus15.0/Test/Shouyu/Sign_G/qsys/software/Sign_G_bsp/\libhal_bsp.a(alt_exception_entry.o)
 *(.exceptions.exit.user)
 *(.exceptions.exit)
 .exceptions.exit
                0x00000000000400a8       0x54 D:/Ruanjian/Quartus15.0/Test/Shouyu/Sign_G/qsys/software/Sign_G_bsp/\libhal_bsp.a(alt_exception_entry.o)
 *(.exceptions)
 .exceptions    0x00000000000400fc       0xd0 D:/Ruanjian/Quartus15.0/Test/Shouyu/Sign_G/qsys/software/Sign_G_bsp/\libhal_bsp.a(alt_irq_handler.o)
                0x00000000000400fc                alt_irq_handler
 .exceptions    0x00000000000401cc       0x74 D:/Ruanjian/Quartus15.0/Test/Shouyu/Sign_G/qsys/software/Sign_G_bsp/\libhal_bsp.a(alt_instruction_exception_entry.o)
                0x00000000000401cc                alt_instruction_exception_entry
                0x0000000000040240                PROVIDE (__ram_exceptions_end, ABSOLUTE (.))
                0x0000000000040020                PROVIDE (__flash_exceptions_start, LOADADDR (.exceptions))

.text           0x0000000000040240    0x15c1c
                0x0000000000040240                PROVIDE (stext, ABSOLUTE (.))
 *(.interp)
 *(.hash)
 *(.dynsym)
 *(.dynstr)
 *(.gnu.version)
 *(.gnu.version_d)
 *(.gnu.version_r)
 *(.rel.init)
 *(.rela.init)
 *(.rel.text .rel.text.* .rel.gnu.linkonce.t.*)
 *(.rela.text .rela.text.* .rela.gnu.linkonce.t.*)
 *(.rel.fini)
 *(.rela.fini)
 *(.rel.rodata .rel.rodata.* .rel.gnu.linkonce.r.*)
 *(.rela.rodata .rela.rodata.* .rela.gnu.linkonce.r.*)
 *(.rel.data .rel.data.* .rel.gnu.linkonce.d.*)
 *(.rela.data .rela.data.* .rela.gnu.linkonce.d.*)
 *(.rel.tdata .rel.tdata.* .rel.gnu.linkonce.td.*)
 *(.rela.tdata .rela.tdata.* .rela.gnu.linkonce.td.*)
 *(.rel.tbss .rel.tbss.* .rel.gnu.linkonce.tb.*)
 *(.rela.tbss .rela.tbss.* .rela.gnu.linkonce.tb.*)
 *(.rel.ctors)
 *(.rela.ctors)
 *(.rel.dtors)
 *(.rela.dtors)
 *(.rel.got)
 *(.rela.got)
 *(.rel.sdata .rel.sdata.* .rel.gnu.linkonce.s.*)
 *(.rela.sdata .rela.sdata.* .rela.gnu.linkonce.s.*)
 *(.rel.sbss .rel.sbss.* .rel.gnu.linkonce.sb.*)
 *(.rela.sbss .rela.sbss.* .rela.gnu.linkonce.sb.*)
 *(.rel.sdata2 .rel.sdata2.* .rel.gnu.linkonce.s2.*)
 *(.rela.sdata2 .rela.sdata2.* .rela.gnu.linkonce.s2.*)
 *(.rel.sbss2 .rel.sbss2.* .rel.gnu.linkonce.sb2.*)
 *(.rela.sbss2 .rela.sbss2.* .rela.gnu.linkonce.sb2.*)
 *(.rel.bss .rel.bss.* .rel.gnu.linkonce.b.*)
 *(.rela.bss .rela.bss.* .rela.gnu.linkonce.b.*)
 *(.rel.plt)
 *(.rela.plt)
 *(.rel.dyn)
 *(.init)
 *(.plt)
 *(.text .stub .text.* .gnu.linkonce.t.*)
 .text          0x0000000000040240       0x4c D:/Ruanjian/Quartus15.0/Test/Shouyu/Sign_G/qsys/software/Sign_G_bsp//obj/HAL/src/crt0.o
                0x0000000000040240                _start
 .text          0x000000000004028c     0x1bdc obj/default/Sign_G.o
                0x000000000004028c                read_power
                0x000000000004033c                PrintCom
                0x00000000000403b4                SYN_FrameInfo
                0x0000000000040468                YS_SYN_Set
                0x0000000000040bb4                USART_printf
                0x0000000000040c74                uart_0_init
                0x0000000000040cc4                uart_1_init
                0x0000000000040d10                main
 .text          0x0000000000041e68       0x60 d:/ruanjian/quartus15.0/quartus/nios2eds/bin/gnu/h-x86_64-mingw32/bin/../lib/gcc/nios2-elf/4.9.1\libgcc.a(_fixunssfsi.o)
                0x0000000000041e68                __fixunssfsi
 .text          0x0000000000041ec8      0x4e0 d:/ruanjian/quartus15.0/quartus/nios2eds/bin/gnu/h-x86_64-mingw32/bin/../lib/gcc/nios2-elf/4.9.1\libgcc.a(addsf3.o)
                0x0000000000041ec8                __addsf3
 .text          0x00000000000423a8      0x450 d:/ruanjian/quartus15.0/quartus/nios2eds/bin/gnu/h-x86_64-mingw32/bin/../lib/gcc/nios2-elf/4.9.1\libgcc.a(divsf3.o)
                0x00000000000423a8                __divsf3
 .text          0x00000000000427f8       0xb8 d:/ruanjian/quartus15.0/quartus/nios2eds/bin/gnu/h-x86_64-mingw32/bin/../lib/gcc/nios2-elf/4.9.1\libgcc.a(gesf2.o)
                0x00000000000427f8                __gesf2
                0x00000000000427f8                __gtsf2
 .text          0x00000000000428b0       0xb8 d:/ruanjian/quartus15.0/quartus/nios2eds/bin/gnu/h-x86_64-mingw32/bin/../lib/gcc/nios2-elf/4.9.1\libgcc.a(lesf2.o)
                0x00000000000428b0                __ltsf2
                0x00000000000428b0                __lesf2
 .text          0x0000000000042968      0x424 d:/ruanjian/quartus15.0/quartus/nios2eds/bin/gnu/h-x86_64-mingw32/bin/../lib/gcc/nios2-elf/4.9.1\libgcc.a(mulsf3.o)
                0x0000000000042968                __mulsf3
 .text          0x0000000000042d8c      0x4fc d:/ruanjian/quartus15.0/quartus/nios2eds/bin/gnu/h-x86_64-mingw32/bin/../lib/gcc/nios2-elf/4.9.1\libgcc.a(subsf3.o)
                0x0000000000042d8c                __subsf3
 .text          0x0000000000043288       0x78 d:/ruanjian/quartus15.0/quartus/nios2eds/bin/gnu/h-x86_64-mingw32/bin/../lib/gcc/nios2-elf/4.9.1\libgcc.a(fixsfsi.o)
                0x0000000000043288                __fixsfsi
 .text          0x0000000000043300      0x134 d:/ruanjian/quartus15.0/quartus/nios2eds/bin/gnu/h-x86_64-mingw32/bin/../lib/gcc/nios2-elf/4.9.1\libgcc.a(floatsisf.o)
                0x0000000000043300                __floatsisf
 .text          0x0000000000043434      0x110 d:/ruanjian/quartus15.0/quartus/nios2eds/bin/gnu/h-x86_64-mingw32/bin/../lib/gcc/nios2-elf/4.9.1\libgcc.a(floatunsisf.o)
                0x0000000000043434                __floatunsisf
 .text          0x0000000000043544      0x8cc d:/ruanjian/quartus15.0/quartus/nios2eds/bin/gnu/h-x86_64-mingw32/bin/../lib/gcc/nios2-elf/4.9.1\libgcc.a(divdf3.o)
                0x0000000000043544                __divdf3
 .text          0x0000000000043e10       0xe0 d:/ruanjian/quartus15.0/quartus/nios2eds/bin/gnu/h-x86_64-mingw32/bin/../lib/gcc/nios2-elf/4.9.1\libgcc.a(gedf2.o)
                0x0000000000043e10                __gedf2
                0x0000000000043e10                __gtdf2
 .text          0x0000000000043ef0      0x724 d:/ruanjian/quartus15.0/quartus/nios2eds/bin/gnu/h-x86_64-mingw32/bin/../lib/gcc/nios2-elf/4.9.1\libgcc.a(muldf3.o)
                0x0000000000043ef0                __muldf3
 .text          0x0000000000044614       0xd0 d:/ruanjian/quartus15.0/quartus/nios2eds/bin/gnu/h-x86_64-mingw32/bin/../lib/gcc/nios2-elf/4.9.1\libgcc.a(floatsidf.o)
                0x0000000000044614                __floatsidf
 .text          0x00000000000446e4      0x110 d:/ruanjian/quartus15.0/quartus/nios2eds/bin/gnu/h-x86_64-mingw32/bin/../lib/gcc/nios2-elf/4.9.1\libgcc.a(extendsfdf2.o)
                0x00000000000446e4                __extendsfdf2
 .text          0x00000000000447f4      0x198 d:/ruanjian/quartus15.0/quartus/nios2eds/bin/gnu/h-x86_64-mingw32/bin/../lib/gcc/nios2-elf/4.9.1\libgcc.a(truncdfsf2.o)
                0x00000000000447f4                __truncdfsf2
 .text          0x000000000004498c       0x64 d:/ruanjian/quartus15.0/quartus/nios2eds/bin/gnu/h-x86_64-mingw32/bin/../lib/gcc/nios2-elf/4.9.1\libgcc.a(_clzsi2.o)
                0x000000000004498c                __clzsi2
 .text          0x00000000000449f0      0x12c d:/ruanjian/quartus15.0/quartus/nios2eds/bin/gnu/h-x86_64-mingw32/bin/../lib/gcc/nios2-elf/4.9.1\libgcc.a(lib2-divmod.o)
                0x0000000000044a5c                __divsi3
                0x0000000000044ab0                __modsi3
                0x0000000000044b0c                __udivsi3
                0x0000000000044b14                __umodsi3
 .text          0x0000000000044b1c        0x0 d:/ruanjian/quartus15.0/quartus/nios2eds/bin/gnu/h-x86_64-mingw32/bin/../lib/gcc/nios2-elf/4.9.1\libgcc.a(_clz.o)
 .text          0x0000000000044b1c      0x138 d:/ruanjian/quartus15.0/quartus/nios2eds/bin/gnu/h-x86_64-mingw32/bin/../lib/gcc/nios2-elf/4.9.1/../../../../../H-x86_64-mingw32/nios2-elf/lib\libc.a(lib_a-memcpy.o)
                0x0000000000044b1c                memcpy
 .text          0x0000000000044c54      0x124 d:/ruanjian/quartus15.0/quartus/nios2eds/bin/gnu/h-x86_64-mingw32/bin/../lib/gcc/nios2-elf/4.9.1/../../../../../H-x86_64-mingw32/nios2-elf/lib\libc.a(lib_a-memset.o)
                0x0000000000044c54                memset
 .text          0x0000000000044d78       0x68 d:/ruanjian/quartus15.0/quartus/nios2eds/bin/gnu/h-x86_64-mingw32/bin/../lib/gcc/nios2-elf/4.9.1/../../../../../H-x86_64-mingw32/nios2-elf/lib\libc.a(lib_a-printf.o)
                0x0000000000044d78                _printf_r
                0x0000000000044da4                printf
 .text          0x0000000000044de0       0x98 d:/ruanjian/quartus15.0/quartus/nios2eds/bin/gnu/h-x86_64-mingw32/bin/../lib/gcc/nios2-elf/4.9.1/../../../../../H-x86_64-mingw32/nios2-elf/lib\libc.a(lib_a-strlen.o)
                0x0000000000044de0                strlen
 .text          0x0000000000044e78     0x2020 d:/ruanjian/quartus15.0/quartus/nios2eds/bin/gnu/h-x86_64-mingw32/bin/../lib/gcc/nios2-elf/4.9.1/../../../../../H-x86_64-mingw32/nios2-elf/lib\libc.a(lib_a-vfprintf.o)
                0x0000000000044e78                ___vfprintf_internal_r
                0x0000000000046e74                __vfprintf_internal
 .text          0x0000000000046e98       0x74 d:/ruanjian/quartus15.0/quartus/nios2eds/bin/gnu/h-x86_64-mingw32/bin/../lib/gcc/nios2-elf/4.9.1/../../../../../H-x86_64-mingw32/nios2-elf/lib\libc.a(lib_a-vsprintf.o)
                0x0000000000046e98                _vsprintf_r
                0x0000000000046ee8                vsprintf
 .text          0x0000000000046f0c      0x130 d:/ruanjian/quartus15.0/quartus/nios2eds/bin/gnu/h-x86_64-mingw32/bin/../lib/gcc/nios2-elf/4.9.1/../../../../../H-x86_64-mingw32/nios2-elf/lib\libc.a(lib_a-wsetup.o)
                0x0000000000046f0c                __swsetup_r
 .text          0x000000000004703c     0x1928 d:/ruanjian/quartus15.0/quartus/nios2eds/bin/gnu/h-x86_64-mingw32/bin/../lib/gcc/nios2-elf/4.9.1/../../../../../H-x86_64-mingw32/nios2-elf/lib\libc.a(lib_a-dtoa.o)
                0x000000000004723c                _dtoa_r
 .text          0x0000000000048964      0x258 d:/ruanjian/quartus15.0/quartus/nios2eds/bin/gnu/h-x86_64-mingw32/bin/../lib/gcc/nios2-elf/4.9.1/../../../../../H-x86_64-mingw32/nios2-elf/lib\libc.a(lib_a-fflush.o)
                0x0000000000048964                _fflush_r
                0x0000000000048b8c                fflush
 .text          0x0000000000048bbc      0x3a0 d:/ruanjian/quartus15.0/quartus/nios2eds/bin/gnu/h-x86_64-mingw32/bin/../lib/gcc/nios2-elf/4.9.1/../../../../../H-x86_64-mingw32/nios2-elf/lib\libc.a(lib_a-findfp.o)
                0x0000000000048bcc                _cleanup_r
                0x0000000000048d78                __sfmoreglue
                0x0000000000048ddc                __sfp
                0x0000000000048ef4                _cleanup
                0x0000000000048f0c                __sinit
                0x0000000000048f1c                __sfp_lock_acquire
                0x0000000000048f20                __sfp_lock_release
                0x0000000000048f24                __sinit_lock_acquire
                0x0000000000048f28                __sinit_lock_release
                0x0000000000048f2c                __fp_lock_all
                0x0000000000048f44                __fp_unlock_all
 .text          0x0000000000048f5c      0x414 d:/ruanjian/quartus15.0/quartus/nios2eds/bin/gnu/h-x86_64-mingw32/bin/../lib/gcc/nios2-elf/4.9.1/../../../../../H-x86_64-mingw32/nios2-elf/lib\libc.a(lib_a-freer.o)
                0x0000000000048f5c                _malloc_trim_r
                0x0000000000049080                _free_r
 .text          0x0000000000049370      0x170 d:/ruanjian/quartus15.0/quartus/nios2eds/bin/gnu/h-x86_64-mingw32/bin/../lib/gcc/nios2-elf/4.9.1/../../../../../H-x86_64-mingw32/nios2-elf/lib\libc.a(lib_a-fwalk.o)
                0x0000000000049370                _fwalk
                0x0000000000049428                _fwalk_reent
 .text          0x00000000000494e0        0x0 d:/ruanjian/quartus15.0/quartus/nios2eds/bin/gnu/h-x86_64-mingw32/bin/../lib/gcc/nios2-elf/4.9.1/../../../../../H-x86_64-mingw32/nios2-elf/lib\libc.a(lib_a-impure.o)
 .text          0x00000000000494e0       0xe0 d:/ruanjian/quartus15.0/quartus/nios2eds/bin/gnu/h-x86_64-mingw32/bin/../lib/gcc/nios2-elf/4.9.1/../../../../../H-x86_64-mingw32/nios2-elf/lib\libc.a(lib_a-locale.o)
                0x00000000000494e0                _setlocale_r
                0x000000000004955c                __locale_charset
                0x0000000000049568                __locale_mb_cur_max
                0x0000000000049578                __locale_msgcharset
                0x0000000000049584                __locale_cjk_lang
                0x000000000004958c                _localeconv_r
                0x0000000000049598                setlocale
                0x00000000000495b4                localeconv
 .text          0x00000000000495c0      0x1b8 d:/ruanjian/quartus15.0/quartus/nios2eds/bin/gnu/h-x86_64-mingw32/bin/../lib/gcc/nios2-elf/4.9.1/../../../../../H-x86_64-mingw32/nios2-elf/lib\libc.a(lib_a-makebuf.o)
                0x00000000000495c0                __smakebuf_r
 .text          0x0000000000049778      0x7a8 d:/ruanjian/quartus15.0/quartus/nios2eds/bin/gnu/h-x86_64-mingw32/bin/../lib/gcc/nios2-elf/4.9.1/../../../../../H-x86_64-mingw32/nios2-elf/lib\libc.a(lib_a-mallocr.o)
                0x0000000000049778                _malloc_r
 .text          0x0000000000049f20       0xe8 d:/ruanjian/quartus15.0/quartus/nios2eds/bin/gnu/h-x86_64-mingw32/bin/../lib/gcc/nios2-elf/4.9.1/../../../../../H-x86_64-mingw32/nios2-elf/lib\libc.a(lib_a-memchr.o)
                0x0000000000049f20                memchr
 .text          0x000000000004a008      0xf8c d:/ruanjian/quartus15.0/quartus/nios2eds/bin/gnu/h-x86_64-mingw32/bin/../lib/gcc/nios2-elf/4.9.1/../../../../../H-x86_64-mingw32/nios2-elf/lib\libc.a(lib_a-mprec.o)
                0x000000000004a008                _Balloc
                0x000000000004a0b0                _Bfree
                0x000000000004a0d8                __multadd
                0x000000000004a1ec                __s2b
                0x000000000004a2f0                __hi0bits
                0x000000000004a358                __lo0bits
                0x000000000004a408                __i2b
                0x000000000004a444                __multiply
                0x000000000004a640                __pow5mult
                0x000000000004a780                __lshift
                0x000000000004a8c8                __mcmp
                0x000000000004a928                __mdiff
                0x000000000004aac0                __ulp
                0x000000000004ab20                __b2d
                0x000000000004ac3c                __d2b
                0x000000000004ad78                __ratio
                0x000000000004ae1c                _mprec_log10
                0x000000000004ae90                __copybits
                0x000000000004af08                __any_on
 .text          0x000000000004af94       0x74 d:/ruanjian/quartus15.0/quartus/nios2eds/bin/gnu/h-x86_64-mingw32/bin/../lib/gcc/nios2-elf/4.9.1/../../../../../H-x86_64-mingw32/nios2-elf/lib\libc.a(lib_a-s_fpclassify.o)
                0x000000000004af94                __fpclassifyd
 .text          0x000000000004b008       0x54 d:/ruanjian/quartus15.0/quartus/nios2eds/bin/gnu/h-x86_64-mingw32/bin/../lib/gcc/nios2-elf/4.9.1/../../../../../H-x86_64-mingw32/nios2-elf/lib\libc.a(lib_a-sbrkr.o)
                0x000000000004b008                _sbrk_r
 .text          0x000000000004b05c      0x13c d:/ruanjian/quartus15.0/quartus/nios2eds/bin/gnu/h-x86_64-mingw32/bin/../lib/gcc/nios2-elf/4.9.1/../../../../../H-x86_64-mingw32/nios2-elf/lib\libc.a(lib_a-stdio.o)
                0x000000000004b05c                __sread
                0x000000000004b0b0                __seofread
                0x000000000004b0b8                __swrite
                0x000000000004b134                __sseek
                0x000000000004b190                __sclose
 .text          0x000000000004b198       0xa4 d:/ruanjian/quartus15.0/quartus/nios2eds/bin/gnu/h-x86_64-mingw32/bin/../lib/gcc/nios2-elf/4.9.1/../../../../../H-x86_64-mingw32/nios2-elf/lib\libc.a(lib_a-strcmp.o)
                0x000000000004b198                strcmp
 .text          0x000000000004b23c     0x1f90 d:/ruanjian/quartus15.0/quartus/nios2eds/bin/gnu/h-x86_64-mingw32/bin/../lib/gcc/nios2-elf/4.9.1/../../../../../H-x86_64-mingw32/nios2-elf/lib\libc.a(lib_a-svfprintf.o)
                0x000000000004b23c                ___svfprintf_internal_r
 .text          0x000000000004d1cc     0x1494 d:/ruanjian/quartus15.0/quartus/nios2eds/bin/gnu/h-x86_64-mingw32/bin/../lib/gcc/nios2-elf/4.9.1/../../../../../H-x86_64-mingw32/nios2-elf/lib\libc.a(lib_a-vfiprintf.o)
                0x000000000004d2c8                __sprint_r
                0x000000000004d2e0                ___vfiprintf_internal_r
                0x000000000004e63c                __vfiprintf_internal
 .text          0x000000000004e660       0x5c d:/ruanjian/quartus15.0/quartus/nios2eds/bin/gnu/h-x86_64-mingw32/bin/../lib/gcc/nios2-elf/4.9.1/../../../../../H-x86_64-mingw32/nios2-elf/lib\libc.a(lib_a-writer.o)
                0x000000000004e660                _write_r
 .text          0x000000000004e6bc       0x54 d:/ruanjian/quartus15.0/quartus/nios2eds/bin/gnu/h-x86_64-mingw32/bin/../lib/gcc/nios2-elf/4.9.1/../../../../../H-x86_64-mingw32/nios2-elf/lib\libc.a(closer.o)
                0x000000000004e6bc                _close_r
 .text          0x000000000004e710       0xc4 d:/ruanjian/quartus15.0/quartus/nios2eds/bin/gnu/h-x86_64-mingw32/bin/../lib/gcc/nios2-elf/4.9.1/../../../../../H-x86_64-mingw32/nios2-elf/lib\libc.a(lib_a-callocr.o)
                0x000000000004e710                _calloc_r
 .text          0x000000000004e7d4      0x114 d:/ruanjian/quartus15.0/quartus/nios2eds/bin/gnu/h-x86_64-mingw32/bin/../lib/gcc/nios2-elf/4.9.1/../../../../../H-x86_64-mingw32/nios2-elf/lib\libc.a(lib_a-fclose.o)
                0x000000000004e7d4                _fclose_r
                0x000000000004e8d4                fclose
 .text          0x000000000004e8e8      0x1dc d:/ruanjian/quartus15.0/quartus/nios2eds/bin/gnu/h-x86_64-mingw32/bin/../lib/gcc/nios2-elf/4.9.1/../../../../../H-x86_64-mingw32/nios2-elf/lib\libc.a(lib_a-fputwc.o)
                0x000000000004e8e8                _fputwc_r
                0x000000000004ea6c                fputwc
 .text          0x000000000004eac4       0x58 d:/ruanjian/quartus15.0/quartus/nios2eds/bin/gnu/h-x86_64-mingw32/bin/../lib/gcc/nios2-elf/4.9.1/../../../../../H-x86_64-mingw32/nios2-elf/lib\libc.a(lib_a-fstatr.o)
                0x000000000004eac4                _fstat_r
 .text          0x000000000004eb1c      0x4a4 d:/ruanjian/quartus15.0/quartus/nios2eds/bin/gnu/h-x86_64-mingw32/bin/../lib/gcc/nios2-elf/4.9.1/../../../../../H-x86_64-mingw32/nios2-elf/lib\libc.a(lib_a-fvwrite.o)
                0x000000000004eb1c                __sfvwrite_r
 .text          0x000000000004efc0        0x0 d:/ruanjian/quartus15.0/quartus/nios2eds/bin/gnu/h-x86_64-mingw32/bin/../lib/gcc/nios2-elf/4.9.1/../../../../../H-x86_64-mingw32/nios2-elf/lib\libc.a(lib_a-int_errno.o)
 .text          0x000000000004efc0       0x54 d:/ruanjian/quartus15.0/quartus/nios2eds/bin/gnu/h-x86_64-mingw32/bin/../lib/gcc/nios2-elf/4.9.1/../../../../../H-x86_64-mingw32/nios2-elf/lib\libc.a(lib_a-isattyr.o)
                0x000000000004efc0                _isatty_r
 .text          0x000000000004f014       0x5c d:/ruanjian/quartus15.0/quartus/nios2eds/bin/gnu/h-x86_64-mingw32/bin/../lib/gcc/nios2-elf/4.9.1/../../../../../H-x86_64-mingw32/nios2-elf/lib\libc.a(lib_a-lseekr.o)
                0x000000000004f014                _lseek_r
 .text          0x000000000004f070      0x15c d:/ruanjian/quartus15.0/quartus/nios2eds/bin/gnu/h-x86_64-mingw32/bin/../lib/gcc/nios2-elf/4.9.1/../../../../../H-x86_64-mingw32/nios2-elf/lib\libc.a(lib_a-memmove.o)
                0x000000000004f070                memmove
 .text          0x000000000004f1cc       0x5c d:/ruanjian/quartus15.0/quartus/nios2eds/bin/gnu/h-x86_64-mingw32/bin/../lib/gcc/nios2-elf/4.9.1/../../../../../H-x86_64-mingw32/nios2-elf/lib\libc.a(lib_a-readr.o)
                0x000000000004f1cc                _read_r
 .text          0x000000000004f228      0x5a0 d:/ruanjian/quartus15.0/quartus/nios2eds/bin/gnu/h-x86_64-mingw32/bin/../lib/gcc/nios2-elf/4.9.1/../../../../../H-x86_64-mingw32/nios2-elf/lib\libc.a(lib_a-reallocr.o)
                0x000000000004f228                _realloc_r
 .text          0x000000000004f7c8     0x1230 d:/ruanjian/quartus15.0/quartus/nios2eds/bin/gnu/h-x86_64-mingw32/bin/../lib/gcc/nios2-elf/4.9.1/../../../../../H-x86_64-mingw32/nios2-elf/lib\libc.a(lib_a-svfiprintf.o)
                0x000000000004f7c8                __ssprint_r
                0x000000000004f990                ___svfiprintf_internal_r
 .text          0x00000000000509f8      0x170 d:/ruanjian/quartus15.0/quartus/nios2eds/bin/gnu/h-x86_64-mingw32/bin/../lib/gcc/nios2-elf/4.9.1/../../../../../H-x86_64-mingw32/nios2-elf/lib\libc.a(lib_a-wbuf.o)
                0x00000000000509f8                __swbuf_r
                0x0000000000050b4c                __swbuf
 .text          0x0000000000050b68      0x174 d:/ruanjian/quartus15.0/quartus/nios2eds/bin/gnu/h-x86_64-mingw32/bin/../lib/gcc/nios2-elf/4.9.1/../../../../../H-x86_64-mingw32/nios2-elf/lib\libc.a(lib_a-wcrtomb.o)
                0x0000000000050b68                _wcrtomb_r
                0x0000000000050c04                wcrtomb
 .text          0x0000000000050cdc       0x8c d:/ruanjian/quartus15.0/quartus/nios2eds/bin/gnu/h-x86_64-mingw32/bin/../lib/gcc/nios2-elf/4.9.1/../../../../../H-x86_64-mingw32/nios2-elf/lib\libc.a(lib_a-wctomb_r.o)
                0x0000000000050cdc                __ascii_wctomb
                0x0000000000050d0c                _wctomb_r
 .text          0x0000000000050d68      0x5c0 d:/ruanjian/quartus15.0/quartus/nios2eds/bin/gnu/h-x86_64-mingw32/bin/../lib/gcc/nios2-elf/4.9.1\libgcc.a(_udivdi3.o)
                0x0000000000050d68                __udivdi3
 .text          0x0000000000051328      0x590 d:/ruanjian/quartus15.0/quartus/nios2eds/bin/gnu/h-x86_64-mingw32/bin/../lib/gcc/nios2-elf/4.9.1\libgcc.a(_umoddi3.o)
                0x0000000000051328                __umoddi3
 .text          0x00000000000518b8      0x89c d:/ruanjian/quartus15.0/quartus/nios2eds/bin/gnu/h-x86_64-mingw32/bin/../lib/gcc/nios2-elf/4.9.1\libgcc.a(adddf3.o)
                0x00000000000518b8                __adddf3
 .text          0x0000000000052154       0x84 d:/ruanjian/quartus15.0/quartus/nios2eds/bin/gnu/h-x86_64-mingw32/bin/../lib/gcc/nios2-elf/4.9.1\libgcc.a(eqdf2.o)
                0x0000000000052154                __nedf2
                0x0000000000052154                __eqdf2
 .text          0x00000000000521d8       0xe0 d:/ruanjian/quartus15.0/quartus/nios2eds/bin/gnu/h-x86_64-mingw32/bin/../lib/gcc/nios2-elf/4.9.1\libgcc.a(ledf2.o)
                0x00000000000521d8                __ledf2
                0x00000000000521d8                __ltdf2
 .text          0x00000000000522b8      0x8d0 d:/ruanjian/quartus15.0/quartus/nios2eds/bin/gnu/h-x86_64-mingw32/bin/../lib/gcc/nios2-elf/4.9.1\libgcc.a(subdf3.o)
                0x00000000000522b8                __subdf3
 .text          0x0000000000052b88       0x88 d:/ruanjian/quartus15.0/quartus/nios2eds/bin/gnu/h-x86_64-mingw32/bin/../lib/gcc/nios2-elf/4.9.1\libgcc.a(fixdfsi.o)
                0x0000000000052b88                __fixdfsi
 .text          0x0000000000052c10       0xa4 d:/ruanjian/quartus15.0/quartus/nios2eds/bin/gnu/h-x86_64-mingw32/bin/../lib/gcc/nios2-elf/4.9.1\libgcc.a(floatunsidf.o)
                0x0000000000052c10                __floatunsidf
 .text          0x0000000000052cb4      0x120 D:/Ruanjian/Quartus15.0/Test/Shouyu/Sign_G/qsys/software/Sign_G_bsp/\libhal_bsp.a(alt_close.o)
                0x0000000000052d04                close
 .text          0x0000000000052dd4       0x2c D:/Ruanjian/Quartus15.0/Test/Shouyu/Sign_G/qsys/software/Sign_G_bsp/\libhal_bsp.a(alt_dev.o)
 .text          0x0000000000052e00        0x0 D:/Ruanjian/Quartus15.0/Test/Shouyu/Sign_G/qsys/software/Sign_G_bsp/\libhal_bsp.a(alt_errno.o)
 .text          0x0000000000052e00      0x100 D:/Ruanjian/Quartus15.0/Test/Shouyu/Sign_G/qsys/software/Sign_G_bsp/\libhal_bsp.a(alt_fstat.o)
                0x0000000000052e50                fstat
 .text          0x0000000000052f00      0x1b0 D:/Ruanjian/Quartus15.0/Test/Shouyu/Sign_G/qsys/software/Sign_G_bsp/\libhal_bsp.a(alt_irq_register.o)
                0x0000000000052f00                alt_irq_register
 .text          0x00000000000530b0        0x0 D:/Ruanjian/Quartus15.0/Test/Shouyu/Sign_G/qsys/software/Sign_G_bsp/\libhal_bsp.a(alt_irq_vars.o)
 .text          0x00000000000530b0       0xf4 D:/Ruanjian/Quartus15.0/Test/Shouyu/Sign_G/qsys/software/Sign_G_bsp/\libhal_bsp.a(alt_isatty.o)
                0x0000000000053100                isatty
 .text          0x00000000000531a4       0xe4 D:/Ruanjian/Quartus15.0/Test/Shouyu/Sign_G/qsys/software/Sign_G_bsp/\libhal_bsp.a(alt_load.o)
                0x0000000000053208                alt_load
 .text          0x0000000000053288      0x124 D:/Ruanjian/Quartus15.0/Test/Shouyu/Sign_G/qsys/software/Sign_G_bsp/\libhal_bsp.a(alt_lseek.o)
                0x00000000000532d8                lseek
 .text          0x00000000000533ac       0x68 D:/Ruanjian/Quartus15.0/Test/Shouyu/Sign_G/qsys/software/Sign_G_bsp/\libhal_bsp.a(alt_main.o)
                0x00000000000533ac                alt_main
 .text          0x0000000000053414       0x40 D:/Ruanjian/Quartus15.0/Test/Shouyu/Sign_G/qsys/software/Sign_G_bsp/\libhal_bsp.a(alt_malloc_lock.o)
                0x0000000000053414                __malloc_lock
                0x0000000000053434                __malloc_unlock
 .text          0x0000000000053454      0x14c D:/Ruanjian/Quartus15.0/Test/Shouyu/Sign_G/qsys/software/Sign_G_bsp/\libhal_bsp.a(alt_read.o)
                0x00000000000534a4                read
 .text          0x00000000000535a0       0x60 D:/Ruanjian/Quartus15.0/Test/Shouyu/Sign_G/qsys/software/Sign_G_bsp/\libhal_bsp.a(alt_release_fd.o)
                0x00000000000535a0                alt_release_fd
 .text          0x0000000000053600       0xb0 D:/Ruanjian/Quartus15.0/Test/Shouyu/Sign_G/qsys/software/Sign_G_bsp/\libhal_bsp.a(alt_sbrk.o)
                0x0000000000053600                sbrk
 .text          0x00000000000536b0       0x30 D:/Ruanjian/Quartus15.0/Test/Shouyu/Sign_G/qsys/software/Sign_G_bsp/\libhal_bsp.a(alt_usleep.o)
                0x00000000000536b0                usleep
 .text          0x00000000000536e0      0x148 D:/Ruanjian/Quartus15.0/Test/Shouyu/Sign_G/qsys/software/Sign_G_bsp/\libhal_bsp.a(alt_write.o)
                0x0000000000053730                write
 .text          0x0000000000053828       0xf4 D:/Ruanjian/Quartus15.0/Test/Shouyu/Sign_G/qsys/software/Sign_G_bsp/\libhal_bsp.a(alt_sys_init.o)
                0x0000000000053860                alt_irq_init
                0x0000000000053894                alt_sys_init
 .text          0x000000000005391c      0x164 D:/Ruanjian/Quartus15.0/Test/Shouyu/Sign_G/qsys/software/Sign_G_bsp/\libhal_bsp.a(altera_avalon_jtag_uart_fd.o)
                0x000000000005391c                altera_avalon_jtag_uart_read_fd
                0x000000000005397c                altera_avalon_jtag_uart_write_fd
                0x00000000000539dc                altera_avalon_jtag_uart_close_fd
                0x0000000000053a2c                altera_avalon_jtag_uart_ioctl_fd
 .text          0x0000000000053a80      0x3d8 D:/Ruanjian/Quartus15.0/Test/Shouyu/Sign_G/qsys/software/Sign_G_bsp/\libhal_bsp.a(altera_avalon_jtag_uart_init.o)
                0x0000000000053a80                altera_avalon_jtag_uart_init
                0x0000000000053df0                altera_avalon_jtag_uart_close
 .text          0x0000000000053e58       0xec D:/Ruanjian/Quartus15.0/Test/Shouyu/Sign_G/qsys/software/Sign_G_bsp/\libhal_bsp.a(altera_avalon_jtag_uart_ioctl.o)
                0x0000000000053e58                altera_avalon_jtag_uart_ioctl
 .text          0x0000000000053f44      0x20c D:/Ruanjian/Quartus15.0/Test/Shouyu/Sign_G/qsys/software/Sign_G_bsp/\libhal_bsp.a(altera_avalon_jtag_uart_read.o)
                0x0000000000053f44                altera_avalon_jtag_uart_read
 .text          0x0000000000054150      0x218 D:/Ruanjian/Quartus15.0/Test/Shouyu/Sign_G/qsys/software/Sign_G_bsp/\libhal_bsp.a(altera_avalon_jtag_uart_write.o)
                0x0000000000054150                altera_avalon_jtag_uart_write
 .text          0x0000000000054368      0x110 D:/Ruanjian/Quartus15.0/Test/Shouyu/Sign_G/qsys/software/Sign_G_bsp/\libhal_bsp.a(altera_avalon_uart_fd.o)
                0x0000000000054368                altera_avalon_uart_read_fd
                0x00000000000543c8                altera_avalon_uart_write_fd
                0x0000000000054428                altera_avalon_uart_close_fd
 .text          0x0000000000054478      0x3b8 D:/Ruanjian/Quartus15.0/Test/Shouyu/Sign_G/qsys/software/Sign_G_bsp/\libhal_bsp.a(altera_avalon_uart_init.o)
                0x0000000000054478                altera_avalon_uart_init
                0x00000000000547dc                altera_avalon_uart_close
 .text          0x0000000000054830      0x22c D:/Ruanjian/Quartus15.0/Test/Shouyu/Sign_G/qsys/software/Sign_G_bsp/\libhal_bsp.a(altera_avalon_uart_read.o)
                0x0000000000054880                altera_avalon_uart_read
 .text          0x0000000000054a5c      0x1fc D:/Ruanjian/Quartus15.0/Test/Shouyu/Sign_G/qsys/software/Sign_G_bsp/\libhal_bsp.a(altera_avalon_uart_write.o)
                0x0000000000054aac                altera_avalon_uart_write
 .text          0x0000000000054c58      0x140 D:/Ruanjian/Quartus15.0/Test/Shouyu/Sign_G/qsys/software/Sign_G_bsp/\libhal_bsp.a(alt_alarm_start.o)
                0x0000000000054c58                alt_alarm_start
 .text          0x0000000000054d98      0x128 D:/Ruanjian/Quartus15.0/Test/Shouyu/Sign_G/qsys/software/Sign_G_bsp/\libhal_bsp.a(alt_busy_sleep.o)
                0x0000000000054d98                alt_busy_sleep
 .text          0x0000000000054ec0       0x44 D:/Ruanjian/Quartus15.0/Test/Shouyu/Sign_G/qsys/software/Sign_G_bsp/\libhal_bsp.a(alt_dcache_flush_all.o)
                0x0000000000054ec0                alt_dcache_flush_all
 .text          0x0000000000054f04       0xf4 D:/Ruanjian/Quartus15.0/Test/Shouyu/Sign_G/qsys/software/Sign_G_bsp/\libhal_bsp.a(alt_dev_llist_insert.o)
                0x0000000000054f54                alt_dev_llist_insert
 .text          0x0000000000054ff8       0x30 D:/Ruanjian/Quartus15.0/Test/Shouyu/Sign_G/qsys/software/Sign_G_bsp/\libhal_bsp.a(alt_icache_flush_all.o)
                0x0000000000054ff8                alt_icache_flush_all
 .text          0x0000000000055028      0x1e0 D:/Ruanjian/Quartus15.0/Test/Shouyu/Sign_G/qsys/software/Sign_G_bsp/\libhal_bsp.a(alt_iic.o)
                0x0000000000055028                alt_ic_isr_register
                0x0000000000055078                alt_ic_irq_enable
                0x0000000000055118                alt_ic_irq_disable
                0x00000000000551bc                alt_ic_irq_enabled
 .text          0x0000000000055208       0xf0 D:/Ruanjian/Quartus15.0/Test/Shouyu/Sign_G/qsys/software/Sign_G_bsp/\libhal_bsp.a(alt_iic_isr_register.o)
                0x0000000000055208                alt_iic_isr_register
 .text          0x00000000000552f8      0x138 D:/Ruanjian/Quartus15.0/Test/Shouyu/Sign_G/qsys/software/Sign_G_bsp/\libhal_bsp.a(alt_io_redirect.o)
                0x00000000000553b8                alt_io_redirect
 .text          0x0000000000055430        0x0 D:/Ruanjian/Quartus15.0/Test/Shouyu/Sign_G/qsys/software/Sign_G_bsp/\libhal_bsp.a(alt_irq_entry.o)
 .text          0x0000000000055430        0x0 D:/Ruanjian/Quartus15.0/Test/Shouyu/Sign_G/qsys/software/Sign_G_bsp/\libhal_bsp.a(alt_irq_handler.o)
 .text          0x0000000000055430      0x274 D:/Ruanjian/Quartus15.0/Test/Shouyu/Sign_G/qsys/software/Sign_G_bsp/\libhal_bsp.a(alt_open.o)
                0x000000000005554c                open
 .text          0x00000000000556a4      0x19c D:/Ruanjian/Quartus15.0/Test/Shouyu/Sign_G/qsys/software/Sign_G_bsp/\libhal_bsp.a(alt_tick.o)
                0x00000000000556a4                alt_alarm_stop
                0x000000000005573c                alt_tick
 .text          0x0000000000055840       0x20 D:/Ruanjian/Quartus15.0/Test/Shouyu/Sign_G/qsys/software/Sign_G_bsp/\libhal_bsp.a(altera_nios2_gen2_irq.o)
                0x0000000000055840                altera_nios2_gen2_irq_init
 .text          0x0000000000055860        0x0 D:/Ruanjian/Quartus15.0/Test/Shouyu/Sign_G/qsys/software/Sign_G_bsp/\libhal_bsp.a(alt_exception_entry.o)
 .text          0x0000000000055860       0x90 D:/Ruanjian/Quartus15.0/Test/Shouyu/Sign_G/qsys/software/Sign_G_bsp/\libhal_bsp.a(alt_find_dev.o)
                0x0000000000055860                alt_find_dev
 .text          0x00000000000558f0      0x114 D:/Ruanjian/Quartus15.0/Test/Shouyu/Sign_G/qsys/software/Sign_G_bsp/\libhal_bsp.a(alt_find_file.o)
                0x00000000000558f0                alt_find_file
 .text          0x0000000000055a04       0xb4 D:/Ruanjian/Quartus15.0/Test/Shouyu/Sign_G/qsys/software/Sign_G_bsp/\libhal_bsp.a(alt_get_fd.o)
                0x0000000000055a04                alt_get_fd
 .text          0x0000000000055ab8       0x8c D:/Ruanjian/Quartus15.0/Test/Shouyu/Sign_G/qsys/software/Sign_G_bsp/\libhal_bsp.a(alt_icache_flush.o)
                0x0000000000055ab8                alt_icache_flush
 .text          0x0000000000055b44       0x9c D:/Ruanjian/Quartus15.0/Test/Shouyu/Sign_G/qsys/software/Sign_G_bsp/\libhal_bsp.a(alt_instruction_exception_entry.o)
                0x0000000000055b44                alt_exception_cause_generated_bad_addr
 .text          0x0000000000055be0       0x38 d:/ruanjian/quartus15.0/quartus/nios2eds/bin/gnu/h-x86_64-mingw32/bin/../lib/gcc/nios2-elf/4.9.1/../../../../../H-x86_64-mingw32/nios2-elf/lib\libc.a(lib_a-exit.o)
                0x0000000000055be0                exit
 .text          0x0000000000055c18       0x7c d:/ruanjian/quartus15.0/quartus/nios2eds/bin/gnu/h-x86_64-mingw32/bin/../lib/gcc/nios2-elf/4.9.1/../../../../../H-x86_64-mingw32/nios2-elf/lib\libc.a(lib_a-memcmp.o)
                0x0000000000055c18                memcmp
 .text          0x0000000000055c94      0x194 d:/ruanjian/quartus15.0/quartus/nios2eds/bin/gnu/h-x86_64-mingw32/bin/../lib/gcc/nios2-elf/4.9.1/../../../../../H-x86_64-mingw32/nios2-elf/lib\libc.a(lib_a-__call_atexit.o)
                0x0000000000055c94                __call_exitprocs
 .text          0x0000000000055e28       0x34 D:/Ruanjian/Quartus15.0/Test/Shouyu/Sign_G/qsys/software/Sign_G_bsp/\libhal_bsp.a(alt_exit.o)
                0x0000000000055e28                _exit
 *(.gnu.warning.*)
 *(.fini)
                0x0000000000055e5c                PROVIDE (__etext, ABSOLUTE (.))
                0x0000000000055e5c                PROVIDE (_etext, ABSOLUTE (.))
                0x0000000000055e5c                PROVIDE (etext, ABSOLUTE (.))
 *(.eh_frame_hdr)
                0x0000000000055e5c                . = ALIGN (0x4)
                0x0000000000055e5c                PROVIDE (__preinit_array_start, ABSOLUTE (.))
 *(.preinit_array)
                0x0000000000055e5c                PROVIDE (__preinit_array_end, ABSOLUTE (.))
                0x0000000000055e5c                PROVIDE (__init_array_start, ABSOLUTE (.))
 *(.init_array)
                0x0000000000055e5c                PROVIDE (__init_array_end, ABSOLUTE (.))
                0x0000000000055e5c                PROVIDE (__fini_array_start, ABSOLUTE (.))
 *(.fini_array)
                0x0000000000055e5c                PROVIDE (__fini_array_end, ABSOLUTE (.))
 *(.eh_frame)
 *(.gcc_except_table .gcc_except_table.*)
 *(.dynamic)
                0x0000000000055e5c                PROVIDE (__CTOR_LIST__, ABSOLUTE (.))
 *(.ctors)
 *(SORT(.ctors.*))
                0x0000000000055e5c                PROVIDE (__CTOR_END__, ABSOLUTE (.))
                0x0000000000055e5c                PROVIDE (__DTOR_LIST__, ABSOLUTE (.))
 *(.dtors)
 *(SORT(.dtors.*))
                0x0000000000055e5c                PROVIDE (__DTOR_END__, ABSOLUTE (.))
 *(.jcr)
                0x0000000000055e5c                . = ALIGN (0x4)

.rodata         0x0000000000055e5c      0x664
                0x0000000000055e5c                PROVIDE (__ram_rodata_start, ABSOLUTE (.))
                0x0000000000055e5c                . = ALIGN (0x4)
 *(.rodata .rodata.* .gnu.linkonce.r.*)
 .rodata        0x0000000000055e5c      0x318 obj/default/Sign_G.o
 .rodata        0x0000000000056174      0x100 d:/ruanjian/quartus15.0/quartus/nios2eds/bin/gnu/h-x86_64-mingw32/bin/../lib/gcc/nios2-elf/4.9.1\libgcc.a(_clz.o)
                0x0000000000056174                __clz_tab
 .rodata.str1.4
                0x0000000000056274       0x42 d:/ruanjian/quartus15.0/quartus/nios2eds/bin/gnu/h-x86_64-mingw32/bin/../lib/gcc/nios2-elf/4.9.1/../../../../../H-x86_64-mingw32/nios2-elf/lib\libc.a(lib_a-vfprintf.o)
                                         0x44 (size before relaxing)
 .rodata        0x00000000000562b6       0x20 d:/ruanjian/quartus15.0/quartus/nios2eds/bin/gnu/h-x86_64-mingw32/bin/../lib/gcc/nios2-elf/4.9.1/../../../../../H-x86_64-mingw32/nios2-elf/lib\libc.a(lib_a-vfprintf.o)
 *fill*         0x00000000000562d6        0x2 
 .rodata.str1.4
                0x00000000000562d8       0x10 d:/ruanjian/quartus15.0/quartus/nios2eds/bin/gnu/h-x86_64-mingw32/bin/../lib/gcc/nios2-elf/4.9.1/../../../../../H-x86_64-mingw32/nios2-elf/lib\libc.a(lib_a-dtoa.o)
                                         0x14 (size before relaxing)
 .rodata.str1.4
                0x00000000000562e8        0x2 d:/ruanjian/quartus15.0/quartus/nios2eds/bin/gnu/h-x86_64-mingw32/bin/../lib/gcc/nios2-elf/4.9.1/../../../../../H-x86_64-mingw32/nios2-elf/lib\libc.a(lib_a-impure.o)
                                          0x4 (size before relaxing)
 *fill*         0x00000000000562ea        0x2 
 .rodata.str1.4
                0x00000000000562ec        0xc d:/ruanjian/quartus15.0/quartus/nios2eds/bin/gnu/h-x86_64-mingw32/bin/../lib/gcc/nios2-elf/4.9.1/../../../../../H-x86_64-mingw32/nios2-elf/lib\libc.a(lib_a-locale.o)
                                         0x14 (size before relaxing)
 .rodata        0x00000000000562f8      0x124 d:/ruanjian/quartus15.0/quartus/nios2eds/bin/gnu/h-x86_64-mingw32/bin/../lib/gcc/nios2-elf/4.9.1/../../../../../H-x86_64-mingw32/nios2-elf/lib\libc.a(lib_a-mprec.o)
                0x0000000000056304                __mprec_tinytens
                0x000000000005632c                __mprec_bigtens
                0x0000000000056354                __mprec_tens
 .rodata.str1.4
                0x0000000000000000       0x44 d:/ruanjian/quartus15.0/quartus/nios2eds/bin/gnu/h-x86_64-mingw32/bin/../lib/gcc/nios2-elf/4.9.1/../../../../../H-x86_64-mingw32/nios2-elf/lib\libc.a(lib_a-svfprintf.o)
 .rodata        0x000000000005641c       0x20 d:/ruanjian/quartus15.0/quartus/nios2eds/bin/gnu/h-x86_64-mingw32/bin/../lib/gcc/nios2-elf/4.9.1/../../../../../H-x86_64-mingw32/nios2-elf/lib\libc.a(lib_a-svfprintf.o)
 .rodata.str1.4
                0x0000000000000000       0x30 d:/ruanjian/quartus15.0/quartus/nios2eds/bin/gnu/h-x86_64-mingw32/bin/../lib/gcc/nios2-elf/4.9.1/../../../../../H-x86_64-mingw32/nios2-elf/lib\libc.a(lib_a-vfiprintf.o)
 .rodata        0x000000000005643c       0x20 d:/ruanjian/quartus15.0/quartus/nios2eds/bin/gnu/h-x86_64-mingw32/bin/../lib/gcc/nios2-elf/4.9.1/../../../../../H-x86_64-mingw32/nios2-elf/lib\libc.a(lib_a-vfiprintf.o)
 .rodata.str1.4
                0x0000000000000000       0x30 d:/ruanjian/quartus15.0/quartus/nios2eds/bin/gnu/h-x86_64-mingw32/bin/../lib/gcc/nios2-elf/4.9.1/../../../../../H-x86_64-mingw32/nios2-elf/lib\libc.a(lib_a-svfiprintf.o)
 .rodata        0x000000000005645c       0x20 d:/ruanjian/quartus15.0/quartus/nios2eds/bin/gnu/h-x86_64-mingw32/bin/../lib/gcc/nios2-elf/4.9.1/../../../../../H-x86_64-mingw32/nios2-elf/lib\libc.a(lib_a-svfiprintf.o)
 .rodata        0x000000000005647c        0xc D:/Ruanjian/Quartus15.0/Test/Shouyu/Sign_G/qsys/software/Sign_G_bsp/\libhal_bsp.a(alt_dev.o)
 .rodata        0x0000000000056488       0x10 D:/Ruanjian/Quartus15.0/Test/Shouyu/Sign_G/qsys/software/Sign_G_bsp/\libhal_bsp.a(alt_main.o)
 .rodata        0x0000000000056498       0x28 D:/Ruanjian/Quartus15.0/Test/Shouyu/Sign_G/qsys/software/Sign_G_bsp/\libhal_bsp.a(alt_sys_init.o)
 *(.rodata1)
                0x00000000000564c0                . = ALIGN (0x4)
                0x00000000000564c0                PROVIDE (__ram_rodata_end, ABSOLUTE (.))
                0x0000000000055e5c                PROVIDE (__flash_rodata_start, LOADADDR (.rodata))

.rwdata         0x00000000000564c0     0x2208 load address 0x00000000000586c8
                0x00000000000564c0                PROVIDE (__ram_rwdata_start, ABSOLUTE (.))
                0x00000000000564c0                . = ALIGN (0x4)
 *(.got.plt)
 *(.got)
 *(.data1)
 *(.data .data.* .gnu.linkonce.d.*)
 .data          0x00000000000564c0        0x0 D:/Ruanjian/Quartus15.0/Test/Shouyu/Sign_G/qsys/software/Sign_G_bsp//obj/HAL/src/crt0.o
 .data          0x00000000000564c0      0x578 obj/default/Sign_G.o
                0x00000000000564c0                sheet_v
                0x00000000000568a8                sheet_a
 .data          0x0000000000056a38        0x0 d:/ruanjian/quartus15.0/quartus/nios2eds/bin/gnu/h-x86_64-mingw32/bin/../lib/gcc/nios2-elf/4.9.1\libgcc.a(_fixunssfsi.o)
 .data          0x0000000000056a38        0x0 d:/ruanjian/quartus15.0/quartus/nios2eds/bin/gnu/h-x86_64-mingw32/bin/../lib/gcc/nios2-elf/4.9.1\libgcc.a(addsf3.o)
 .data          0x0000000000056a38        0x0 d:/ruanjian/quartus15.0/quartus/nios2eds/bin/gnu/h-x86_64-mingw32/bin/../lib/gcc/nios2-elf/4.9.1\libgcc.a(divsf3.o)
 .data          0x0000000000056a38        0x0 d:/ruanjian/quartus15.0/quartus/nios2eds/bin/gnu/h-x86_64-mingw32/bin/../lib/gcc/nios2-elf/4.9.1\libgcc.a(gesf2.o)
 .data          0x0000000000056a38        0x0 d:/ruanjian/quartus15.0/quartus/nios2eds/bin/gnu/h-x86_64-mingw32/bin/../lib/gcc/nios2-elf/4.9.1\libgcc.a(lesf2.o)
 .data          0x0000000000056a38        0x0 d:/ruanjian/quartus15.0/quartus/nios2eds/bin/gnu/h-x86_64-mingw32/bin/../lib/gcc/nios2-elf/4.9.1\libgcc.a(mulsf3.o)
 .data          0x0000000000056a38        0x0 d:/ruanjian/quartus15.0/quartus/nios2eds/bin/gnu/h-x86_64-mingw32/bin/../lib/gcc/nios2-elf/4.9.1\libgcc.a(subsf3.o)
 .data          0x0000000000056a38        0x0 d:/ruanjian/quartus15.0/quartus/nios2eds/bin/gnu/h-x86_64-mingw32/bin/../lib/gcc/nios2-elf/4.9.1\libgcc.a(fixsfsi.o)
 .data          0x0000000000056a38        0x0 d:/ruanjian/quartus15.0/quartus/nios2eds/bin/gnu/h-x86_64-mingw32/bin/../lib/gcc/nios2-elf/4.9.1\libgcc.a(floatsisf.o)
 .data          0x0000000000056a38        0x0 d:/ruanjian/quartus15.0/quartus/nios2eds/bin/gnu/h-x86_64-mingw32/bin/../lib/gcc/nios2-elf/4.9.1\libgcc.a(floatunsisf.o)
 .data          0x0000000000056a38        0x0 d:/ruanjian/quartus15.0/quartus/nios2eds/bin/gnu/h-x86_64-mingw32/bin/../lib/gcc/nios2-elf/4.9.1\libgcc.a(divdf3.o)
 .data          0x0000000000056a38        0x0 d:/ruanjian/quartus15.0/quartus/nios2eds/bin/gnu/h-x86_64-mingw32/bin/../lib/gcc/nios2-elf/4.9.1\libgcc.a(gedf2.o)
 .data          0x0000000000056a38        0x0 d:/ruanjian/quartus15.0/quartus/nios2eds/bin/gnu/h-x86_64-mingw32/bin/../lib/gcc/nios2-elf/4.9.1\libgcc.a(muldf3.o)
 .data          0x0000000000056a38        0x0 d:/ruanjian/quartus15.0/quartus/nios2eds/bin/gnu/h-x86_64-mingw32/bin/../lib/gcc/nios2-elf/4.9.1\libgcc.a(floatsidf.o)
 .data          0x0000000000056a38        0x0 d:/ruanjian/quartus15.0/quartus/nios2eds/bin/gnu/h-x86_64-mingw32/bin/../lib/gcc/nios2-elf/4.9.1\libgcc.a(extendsfdf2.o)
 .data          0x0000000000056a38        0x0 d:/ruanjian/quartus15.0/quartus/nios2eds/bin/gnu/h-x86_64-mingw32/bin/../lib/gcc/nios2-elf/4.9.1\libgcc.a(truncdfsf2.o)
 .data          0x0000000000056a38        0x0 d:/ruanjian/quartus15.0/quartus/nios2eds/bin/gnu/h-x86_64-mingw32/bin/../lib/gcc/nios2-elf/4.9.1\libgcc.a(_clzsi2.o)
 .data          0x0000000000056a38        0x0 d:/ruanjian/quartus15.0/quartus/nios2eds/bin/gnu/h-x86_64-mingw32/bin/../lib/gcc/nios2-elf/4.9.1\libgcc.a(lib2-divmod.o)
 .data          0x0000000000056a38        0x0 d:/ruanjian/quartus15.0/quartus/nios2eds/bin/gnu/h-x86_64-mingw32/bin/../lib/gcc/nios2-elf/4.9.1\libgcc.a(_clz.o)
 .data          0x0000000000056a38        0x0 d:/ruanjian/quartus15.0/quartus/nios2eds/bin/gnu/h-x86_64-mingw32/bin/../lib/gcc/nios2-elf/4.9.1/../../../../../H-x86_64-mingw32/nios2-elf/lib\libc.a(lib_a-memcpy.o)
 .data          0x0000000000056a38        0x0 d:/ruanjian/quartus15.0/quartus/nios2eds/bin/gnu/h-x86_64-mingw32/bin/../lib/gcc/nios2-elf/4.9.1/../../../../../H-x86_64-mingw32/nios2-elf/lib\libc.a(lib_a-memset.o)
 .data          0x0000000000056a38        0x0 d:/ruanjian/quartus15.0/quartus/nios2eds/bin/gnu/h-x86_64-mingw32/bin/../lib/gcc/nios2-elf/4.9.1/../../../../../H-x86_64-mingw32/nios2-elf/lib\libc.a(lib_a-printf.o)
 .data          0x0000000000056a38        0x0 d:/ruanjian/quartus15.0/quartus/nios2eds/bin/gnu/h-x86_64-mingw32/bin/../lib/gcc/nios2-elf/4.9.1/../../../../../H-x86_64-mingw32/nios2-elf/lib\libc.a(lib_a-strlen.o)
 .data          0x0000000000056a38        0x0 d:/ruanjian/quartus15.0/quartus/nios2eds/bin/gnu/h-x86_64-mingw32/bin/../lib/gcc/nios2-elf/4.9.1/../../../../../H-x86_64-mingw32/nios2-elf/lib\libc.a(lib_a-vfprintf.o)
 .data          0x0000000000056a38        0x0 d:/ruanjian/quartus15.0/quartus/nios2eds/bin/gnu/h-x86_64-mingw32/bin/../lib/gcc/nios2-elf/4.9.1/../../../../../H-x86_64-mingw32/nios2-elf/lib\libc.a(lib_a-vsprintf.o)
 .data          0x0000000000056a38        0x0 d:/ruanjian/quartus15.0/quartus/nios2eds/bin/gnu/h-x86_64-mingw32/bin/../lib/gcc/nios2-elf/4.9.1/../../../../../H-x86_64-mingw32/nios2-elf/lib\libc.a(lib_a-wsetup.o)
 .data          0x0000000000056a38        0x0 d:/ruanjian/quartus15.0/quartus/nios2eds/bin/gnu/h-x86_64-mingw32/bin/../lib/gcc/nios2-elf/4.9.1/../../../../../H-x86_64-mingw32/nios2-elf/lib\libc.a(lib_a-dtoa.o)
 .data          0x0000000000056a38        0x0 d:/ruanjian/quartus15.0/quartus/nios2eds/bin/gnu/h-x86_64-mingw32/bin/../lib/gcc/nios2-elf/4.9.1/../../../../../H-x86_64-mingw32/nios2-elf/lib\libc.a(lib_a-fflush.o)
 .data          0x0000000000056a38        0x0 d:/ruanjian/quartus15.0/quartus/nios2eds/bin/gnu/h-x86_64-mingw32/bin/../lib/gcc/nios2-elf/4.9.1/../../../../../H-x86_64-mingw32/nios2-elf/lib\libc.a(lib_a-findfp.o)
 .data          0x0000000000056a38        0x0 d:/ruanjian/quartus15.0/quartus/nios2eds/bin/gnu/h-x86_64-mingw32/bin/../lib/gcc/nios2-elf/4.9.1/../../../../../H-x86_64-mingw32/nios2-elf/lib\libc.a(lib_a-freer.o)
 .data          0x0000000000056a38        0x0 d:/ruanjian/quartus15.0/quartus/nios2eds/bin/gnu/h-x86_64-mingw32/bin/../lib/gcc/nios2-elf/4.9.1/../../../../../H-x86_64-mingw32/nios2-elf/lib\libc.a(lib_a-fwalk.o)
 .data          0x0000000000056a38      0x424 d:/ruanjian/quartus15.0/quartus/nios2eds/bin/gnu/h-x86_64-mingw32/bin/../lib/gcc/nios2-elf/4.9.1/../../../../../H-x86_64-mingw32/nios2-elf/lib\libc.a(lib_a-impure.o)
 .data          0x0000000000056e5c       0x78 d:/ruanjian/quartus15.0/quartus/nios2eds/bin/gnu/h-x86_64-mingw32/bin/../lib/gcc/nios2-elf/4.9.1/../../../../../H-x86_64-mingw32/nios2-elf/lib\libc.a(lib_a-locale.o)
 .data          0x0000000000056ed4        0x0 d:/ruanjian/quartus15.0/quartus/nios2eds/bin/gnu/h-x86_64-mingw32/bin/../lib/gcc/nios2-elf/4.9.1/../../../../../H-x86_64-mingw32/nios2-elf/lib\libc.a(lib_a-makebuf.o)
 .data          0x0000000000056ed4      0x408 d:/ruanjian/quartus15.0/quartus/nios2eds/bin/gnu/h-x86_64-mingw32/bin/../lib/gcc/nios2-elf/4.9.1/../../../../../H-x86_64-mingw32/nios2-elf/lib\libc.a(lib_a-mallocr.o)
                0x0000000000056ed4                __malloc_av_
 .data          0x00000000000572dc        0x0 d:/ruanjian/quartus15.0/quartus/nios2eds/bin/gnu/h-x86_64-mingw32/bin/../lib/gcc/nios2-elf/4.9.1/../../../../../H-x86_64-mingw32/nios2-elf/lib\libc.a(lib_a-memchr.o)
 .data          0x00000000000572dc        0x0 d:/ruanjian/quartus15.0/quartus/nios2eds/bin/gnu/h-x86_64-mingw32/bin/../lib/gcc/nios2-elf/4.9.1/../../../../../H-x86_64-mingw32/nios2-elf/lib\libc.a(lib_a-mprec.o)
 .data          0x00000000000572dc        0x0 d:/ruanjian/quartus15.0/quartus/nios2eds/bin/gnu/h-x86_64-mingw32/bin/../lib/gcc/nios2-elf/4.9.1/../../../../../H-x86_64-mingw32/nios2-elf/lib\libc.a(lib_a-s_fpclassify.o)
 .data          0x00000000000572dc        0x0 d:/ruanjian/quartus15.0/quartus/nios2eds/bin/gnu/h-x86_64-mingw32/bin/../lib/gcc/nios2-elf/4.9.1/../../../../../H-x86_64-mingw32/nios2-elf/lib\libc.a(lib_a-sbrkr.o)
 .data          0x00000000000572dc        0x0 d:/ruanjian/quartus15.0/quartus/nios2eds/bin/gnu/h-x86_64-mingw32/bin/../lib/gcc/nios2-elf/4.9.1/../../../../../H-x86_64-mingw32/nios2-elf/lib\libc.a(lib_a-stdio.o)
 .data          0x00000000000572dc        0x0 d:/ruanjian/quartus15.0/quartus/nios2eds/bin/gnu/h-x86_64-mingw32/bin/../lib/gcc/nios2-elf/4.9.1/../../../../../H-x86_64-mingw32/nios2-elf/lib\libc.a(lib_a-strcmp.o)
 .data          0x00000000000572dc        0x0 d:/ruanjian/quartus15.0/quartus/nios2eds/bin/gnu/h-x86_64-mingw32/bin/../lib/gcc/nios2-elf/4.9.1/../../../../../H-x86_64-mingw32/nios2-elf/lib\libc.a(lib_a-svfprintf.o)
 .data          0x00000000000572dc        0x0 d:/ruanjian/quartus15.0/quartus/nios2eds/bin/gnu/h-x86_64-mingw32/bin/../lib/gcc/nios2-elf/4.9.1/../../../../../H-x86_64-mingw32/nios2-elf/lib\libc.a(lib_a-vfiprintf.o)
 .data          0x00000000000572dc        0x0 d:/ruanjian/quartus15.0/quartus/nios2eds/bin/gnu/h-x86_64-mingw32/bin/../lib/gcc/nios2-elf/4.9.1/../../../../../H-x86_64-mingw32/nios2-elf/lib\libc.a(lib_a-writer.o)
 .data          0x00000000000572dc        0x0 d:/ruanjian/quartus15.0/quartus/nios2eds/bin/gnu/h-x86_64-mingw32/bin/../lib/gcc/nios2-elf/4.9.1/../../../../../H-x86_64-mingw32/nios2-elf/lib\libc.a(closer.o)
 .data          0x00000000000572dc        0x0 d:/ruanjian/quartus15.0/quartus/nios2eds/bin/gnu/h-x86_64-mingw32/bin/../lib/gcc/nios2-elf/4.9.1/../../../../../H-x86_64-mingw32/nios2-elf/lib\libc.a(lib_a-callocr.o)
 .data          0x00000000000572dc        0x0 d:/ruanjian/quartus15.0/quartus/nios2eds/bin/gnu/h-x86_64-mingw32/bin/../lib/gcc/nios2-elf/4.9.1/../../../../../H-x86_64-mingw32/nios2-elf/lib\libc.a(lib_a-fclose.o)
 .data          0x00000000000572dc        0x0 d:/ruanjian/quartus15.0/quartus/nios2eds/bin/gnu/h-x86_64-mingw32/bin/../lib/gcc/nios2-elf/4.9.1/../../../../../H-x86_64-mingw32/nios2-elf/lib\libc.a(lib_a-fputwc.o)
 .data          0x00000000000572dc        0x0 d:/ruanjian/quartus15.0/quartus/nios2eds/bin/gnu/h-x86_64-mingw32/bin/../lib/gcc/nios2-elf/4.9.1/../../../../../H-x86_64-mingw32/nios2-elf/lib\libc.a(lib_a-fstatr.o)
 .data          0x00000000000572dc        0x0 d:/ruanjian/quartus15.0/quartus/nios2eds/bin/gnu/h-x86_64-mingw32/bin/../lib/gcc/nios2-elf/4.9.1/../../../../../H-x86_64-mingw32/nios2-elf/lib\libc.a(lib_a-fvwrite.o)
 .data          0x00000000000572dc        0x0 d:/ruanjian/quartus15.0/quartus/nios2eds/bin/gnu/h-x86_64-mingw32/bin/../lib/gcc/nios2-elf/4.9.1/../../../../../H-x86_64-mingw32/nios2-elf/lib\libc.a(lib_a-int_errno.o)
 .data          0x00000000000572dc        0x0 d:/ruanjian/quartus15.0/quartus/nios2eds/bin/gnu/h-x86_64-mingw32/bin/../lib/gcc/nios2-elf/4.9.1/../../../../../H-x86_64-mingw32/nios2-elf/lib\libc.a(lib_a-isattyr.o)
 .data          0x00000000000572dc        0x0 d:/ruanjian/quartus15.0/quartus/nios2eds/bin/gnu/h-x86_64-mingw32/bin/../lib/gcc/nios2-elf/4.9.1/../../../../../H-x86_64-mingw32/nios2-elf/lib\libc.a(lib_a-lseekr.o)
 .data          0x00000000000572dc        0x0 d:/ruanjian/quartus15.0/quartus/nios2eds/bin/gnu/h-x86_64-mingw32/bin/../lib/gcc/nios2-elf/4.9.1/../../../../../H-x86_64-mingw32/nios2-elf/lib\libc.a(lib_a-memmove.o)
 .data          0x00000000000572dc        0x0 d:/ruanjian/quartus15.0/quartus/nios2eds/bin/gnu/h-x86_64-mingw32/bin/../lib/gcc/nios2-elf/4.9.1/../../../../../H-x86_64-mingw32/nios2-elf/lib\libc.a(lib_a-readr.o)
 .data          0x00000000000572dc        0x0 d:/ruanjian/quartus15.0/quartus/nios2eds/bin/gnu/h-x86_64-mingw32/bin/../lib/gcc/nios2-elf/4.9.1/../../../../../H-x86_64-mingw32/nios2-elf/lib\libc.a(lib_a-reallocr.o)
 .data          0x00000000000572dc        0x0 d:/ruanjian/quartus15.0/quartus/nios2eds/bin/gnu/h-x86_64-mingw32/bin/../lib/gcc/nios2-elf/4.9.1/../../../../../H-x86_64-mingw32/nios2-elf/lib\libc.a(lib_a-svfiprintf.o)
 .data          0x00000000000572dc        0x0 d:/ruanjian/quartus15.0/quartus/nios2eds/bin/gnu/h-x86_64-mingw32/bin/../lib/gcc/nios2-elf/4.9.1/../../../../../H-x86_64-mingw32/nios2-elf/lib\libc.a(lib_a-wbuf.o)
 .data          0x00000000000572dc        0x0 d:/ruanjian/quartus15.0/quartus/nios2eds/bin/gnu/h-x86_64-mingw32/bin/../lib/gcc/nios2-elf/4.9.1/../../../../../H-x86_64-mingw32/nios2-elf/lib\libc.a(lib_a-wcrtomb.o)
 .data          0x00000000000572dc        0x0 d:/ruanjian/quartus15.0/quartus/nios2eds/bin/gnu/h-x86_64-mingw32/bin/../lib/gcc/nios2-elf/4.9.1/../../../../../H-x86_64-mingw32/nios2-elf/lib\libc.a(lib_a-wctomb_r.o)
 .data          0x00000000000572dc        0x0 d:/ruanjian/quartus15.0/quartus/nios2eds/bin/gnu/h-x86_64-mingw32/bin/../lib/gcc/nios2-elf/4.9.1\libgcc.a(_udivdi3.o)
 .data          0x00000000000572dc        0x0 d:/ruanjian/quartus15.0/quartus/nios2eds/bin/gnu/h-x86_64-mingw32/bin/../lib/gcc/nios2-elf/4.9.1\libgcc.a(_umoddi3.o)
 .data          0x00000000000572dc        0x0 d:/ruanjian/quartus15.0/quartus/nios2eds/bin/gnu/h-x86_64-mingw32/bin/../lib/gcc/nios2-elf/4.9.1\libgcc.a(adddf3.o)
 .data          0x00000000000572dc        0x0 d:/ruanjian/quartus15.0/quartus/nios2eds/bin/gnu/h-x86_64-mingw32/bin/../lib/gcc/nios2-elf/4.9.1\libgcc.a(eqdf2.o)
 .data          0x00000000000572dc        0x0 d:/ruanjian/quartus15.0/quartus/nios2eds/bin/gnu/h-x86_64-mingw32/bin/../lib/gcc/nios2-elf/4.9.1\libgcc.a(ledf2.o)
 .data          0x00000000000572dc        0x0 d:/ruanjian/quartus15.0/quartus/nios2eds/bin/gnu/h-x86_64-mingw32/bin/../lib/gcc/nios2-elf/4.9.1\libgcc.a(subdf3.o)
 .data          0x00000000000572dc        0x0 d:/ruanjian/quartus15.0/quartus/nios2eds/bin/gnu/h-x86_64-mingw32/bin/../lib/gcc/nios2-elf/4.9.1\libgcc.a(fixdfsi.o)
 .data          0x00000000000572dc        0x0 d:/ruanjian/quartus15.0/quartus/nios2eds/bin/gnu/h-x86_64-mingw32/bin/../lib/gcc/nios2-elf/4.9.1\libgcc.a(floatunsidf.o)
 .data          0x00000000000572dc        0x0 D:/Ruanjian/Quartus15.0/Test/Shouyu/Sign_G/qsys/software/Sign_G_bsp/\libhal_bsp.a(alt_close.o)
 .data          0x00000000000572dc      0x1a8 D:/Ruanjian/Quartus15.0/Test/Shouyu/Sign_G/qsys/software/Sign_G_bsp/\libhal_bsp.a(alt_dev.o)
                0x00000000000572dc                alt_dev_null
                0x0000000000057304                alt_fd_list
 .data          0x0000000000057484        0x0 D:/Ruanjian/Quartus15.0/Test/Shouyu/Sign_G/qsys/software/Sign_G_bsp/\libhal_bsp.a(alt_errno.o)
 .data          0x0000000000057484        0x0 D:/Ruanjian/Quartus15.0/Test/Shouyu/Sign_G/qsys/software/Sign_G_bsp/\libhal_bsp.a(alt_fstat.o)
 .data          0x0000000000057484        0x0 D:/Ruanjian/Quartus15.0/Test/Shouyu/Sign_G/qsys/software/Sign_G_bsp/\libhal_bsp.a(alt_irq_register.o)
 .data          0x0000000000057484        0x0 D:/Ruanjian/Quartus15.0/Test/Shouyu/Sign_G/qsys/software/Sign_G_bsp/\libhal_bsp.a(alt_irq_vars.o)
 .data          0x0000000000057484        0x0 D:/Ruanjian/Quartus15.0/Test/Shouyu/Sign_G/qsys/software/Sign_G_bsp/\libhal_bsp.a(alt_isatty.o)
 .data          0x0000000000057484        0x0 D:/Ruanjian/Quartus15.0/Test/Shouyu/Sign_G/qsys/software/Sign_G_bsp/\libhal_bsp.a(alt_load.o)
 .data          0x0000000000057484        0x0 D:/Ruanjian/Quartus15.0/Test/Shouyu/Sign_G/qsys/software/Sign_G_bsp/\libhal_bsp.a(alt_lseek.o)
 .data          0x0000000000057484        0x0 D:/Ruanjian/Quartus15.0/Test/Shouyu/Sign_G/qsys/software/Sign_G_bsp/\libhal_bsp.a(alt_main.o)
 .data          0x0000000000057484        0x0 D:/Ruanjian/Quartus15.0/Test/Shouyu/Sign_G/qsys/software/Sign_G_bsp/\libhal_bsp.a(alt_malloc_lock.o)
 .data          0x0000000000057484        0x0 D:/Ruanjian/Quartus15.0/Test/Shouyu/Sign_G/qsys/software/Sign_G_bsp/\libhal_bsp.a(alt_read.o)
 .data          0x0000000000057484        0x0 D:/Ruanjian/Quartus15.0/Test/Shouyu/Sign_G/qsys/software/Sign_G_bsp/\libhal_bsp.a(alt_release_fd.o)
 .data          0x0000000000057484        0x0 D:/Ruanjian/Quartus15.0/Test/Shouyu/Sign_G/qsys/software/Sign_G_bsp/\libhal_bsp.a(alt_sbrk.o)
 .data          0x0000000000057484        0x0 D:/Ruanjian/Quartus15.0/Test/Shouyu/Sign_G/qsys/software/Sign_G_bsp/\libhal_bsp.a(alt_usleep.o)
 .data          0x0000000000057484        0x0 D:/Ruanjian/Quartus15.0/Test/Shouyu/Sign_G/qsys/software/Sign_G_bsp/\libhal_bsp.a(alt_write.o)
 .data          0x0000000000057484     0x11e8 D:/Ruanjian/Quartus15.0/Test/Shouyu/Sign_G/qsys/software/Sign_G_bsp/\libhal_bsp.a(alt_sys_init.o)
 .data          0x000000000005866c        0x0 D:/Ruanjian/Quartus15.0/Test/Shouyu/Sign_G/qsys/software/Sign_G_bsp/\libhal_bsp.a(altera_avalon_jtag_uart_fd.o)
 .data          0x000000000005866c        0x0 D:/Ruanjian/Quartus15.0/Test/Shouyu/Sign_G/qsys/software/Sign_G_bsp/\libhal_bsp.a(altera_avalon_jtag_uart_init.o)
 .data          0x000000000005866c        0x0 D:/Ruanjian/Quartus15.0/Test/Shouyu/Sign_G/qsys/software/Sign_G_bsp/\libhal_bsp.a(altera_avalon_jtag_uart_ioctl.o)
 .data          0x000000000005866c        0x0 D:/Ruanjian/Quartus15.0/Test/Shouyu/Sign_G/qsys/software/Sign_G_bsp/\libhal_bsp.a(altera_avalon_jtag_uart_read.o)
 .data          0x000000000005866c        0x0 D:/Ruanjian/Quartus15.0/Test/Shouyu/Sign_G/qsys/software/Sign_G_bsp/\libhal_bsp.a(altera_avalon_jtag_uart_write.o)
 .data          0x000000000005866c        0x0 D:/Ruanjian/Quartus15.0/Test/Shouyu/Sign_G/qsys/software/Sign_G_bsp/\libhal_bsp.a(altera_avalon_uart_fd.o)
 .data          0x000000000005866c        0x0 D:/Ruanjian/Quartus15.0/Test/Shouyu/Sign_G/qsys/software/Sign_G_bsp/\libhal_bsp.a(altera_avalon_uart_init.o)
 .data          0x000000000005866c        0x0 D:/Ruanjian/Quartus15.0/Test/Shouyu/Sign_G/qsys/software/Sign_G_bsp/\libhal_bsp.a(altera_avalon_uart_read.o)
 .data          0x000000000005866c        0x0 D:/Ruanjian/Quartus15.0/Test/Shouyu/Sign_G/qsys/software/Sign_G_bsp/\libhal_bsp.a(altera_avalon_uart_write.o)
 .data          0x000000000005866c        0x0 D:/Ruanjian/Quartus15.0/Test/Shouyu/Sign_G/qsys/software/Sign_G_bsp/\libhal_bsp.a(alt_alarm_start.o)
 .data          0x000000000005866c        0x0 D:/Ruanjian/Quartus15.0/Test/Shouyu/Sign_G/qsys/software/Sign_G_bsp/\libhal_bsp.a(alt_busy_sleep.o)
 .data          0x000000000005866c        0x0 D:/Ruanjian/Quartus15.0/Test/Shouyu/Sign_G/qsys/software/Sign_G_bsp/\libhal_bsp.a(alt_dcache_flush_all.o)
 .data          0x000000000005866c        0x0 D:/Ruanjian/Quartus15.0/Test/Shouyu/Sign_G/qsys/software/Sign_G_bsp/\libhal_bsp.a(alt_dev_llist_insert.o)
 .data          0x000000000005866c        0x0 D:/Ruanjian/Quartus15.0/Test/Shouyu/Sign_G/qsys/software/Sign_G_bsp/\libhal_bsp.a(alt_icache_flush_all.o)
 .data          0x000000000005866c        0x0 D:/Ruanjian/Quartus15.0/Test/Shouyu/Sign_G/qsys/software/Sign_G_bsp/\libhal_bsp.a(alt_iic.o)
 .data          0x000000000005866c        0x0 D:/Ruanjian/Quartus15.0/Test/Shouyu/Sign_G/qsys/software/Sign_G_bsp/\libhal_bsp.a(alt_iic_isr_register.o)
 .data          0x000000000005866c        0x0 D:/Ruanjian/Quartus15.0/Test/Shouyu/Sign_G/qsys/software/Sign_G_bsp/\libhal_bsp.a(alt_io_redirect.o)
 .data          0x000000000005866c        0x0 D:/Ruanjian/Quartus15.0/Test/Shouyu/Sign_G/qsys/software/Sign_G_bsp/\libhal_bsp.a(alt_irq_entry.o)
 .data          0x000000000005866c        0x0 D:/Ruanjian/Quartus15.0/Test/Shouyu/Sign_G/qsys/software/Sign_G_bsp/\libhal_bsp.a(alt_irq_handler.o)
 .data          0x000000000005866c        0x0 D:/Ruanjian/Quartus15.0/Test/Shouyu/Sign_G/qsys/software/Sign_G_bsp/\libhal_bsp.a(alt_open.o)
 .data          0x000000000005866c        0x0 D:/Ruanjian/Quartus15.0/Test/Shouyu/Sign_G/qsys/software/Sign_G_bsp/\libhal_bsp.a(alt_tick.o)
 .data          0x000000000005866c        0x0 D:/Ruanjian/Quartus15.0/Test/Shouyu/Sign_G/qsys/software/Sign_G_bsp/\libhal_bsp.a(altera_nios2_gen2_irq.o)
 .data          0x000000000005866c        0x0 D:/Ruanjian/Quartus15.0/Test/Shouyu/Sign_G/qsys/software/Sign_G_bsp/\libhal_bsp.a(alt_exception_entry.o)
 .data          0x000000000005866c        0x0 D:/Ruanjian/Quartus15.0/Test/Shouyu/Sign_G/qsys/software/Sign_G_bsp/\libhal_bsp.a(alt_find_dev.o)
 .data          0x000000000005866c        0x0 D:/Ruanjian/Quartus15.0/Test/Shouyu/Sign_G/qsys/software/Sign_G_bsp/\libhal_bsp.a(alt_find_file.o)
 .data          0x000000000005866c        0x0 D:/Ruanjian/Quartus15.0/Test/Shouyu/Sign_G/qsys/software/Sign_G_bsp/\libhal_bsp.a(alt_get_fd.o)
 .data          0x000000000005866c        0x0 D:/Ruanjian/Quartus15.0/Test/Shouyu/Sign_G/qsys/software/Sign_G_bsp/\libhal_bsp.a(alt_icache_flush.o)
 .data          0x000000000005866c        0x0 D:/Ruanjian/Quartus15.0/Test/Shouyu/Sign_G/qsys/software/Sign_G_bsp/\libhal_bsp.a(alt_instruction_exception_entry.o)
 .data          0x000000000005866c        0x0 d:/ruanjian/quartus15.0/quartus/nios2eds/bin/gnu/h-x86_64-mingw32/bin/../lib/gcc/nios2-elf/4.9.1/../../../../../H-x86_64-mingw32/nios2-elf/lib\libc.a(lib_a-exit.o)
 .data          0x000000000005866c        0x0 d:/ruanjian/quartus15.0/quartus/nios2eds/bin/gnu/h-x86_64-mingw32/bin/../lib/gcc/nios2-elf/4.9.1/../../../../../H-x86_64-mingw32/nios2-elf/lib\libc.a(lib_a-memcmp.o)
 .data          0x000000000005866c        0x0 d:/ruanjian/quartus15.0/quartus/nios2eds/bin/gnu/h-x86_64-mingw32/bin/../lib/gcc/nios2-elf/4.9.1/../../../../../H-x86_64-mingw32/nios2-elf/lib\libc.a(lib_a-__call_atexit.o)
 .data          0x000000000005866c        0x0 D:/Ruanjian/Quartus15.0/Test/Shouyu/Sign_G/qsys/software/Sign_G_bsp/\libhal_bsp.a(alt_exit.o)
                0x000000000006066c                _gp = ABSOLUTE ((. + 0x8000))
                0x000000000006066c                PROVIDE (gp, _gp)
 *(.rwdata .rwdata.*)
 *(.sdata .sdata.* .gnu.linkonce.s.*)
 .sdata         0x000000000005866c       0x19 obj/default/Sign_G.o
                0x000000000005866c                SYN_StopCom
                0x0000000000058671                SYN_SuspendCom
                0x0000000000058676                SYN_RecoverCom
                0x000000000005867b                SYN_ChackCom
                0x0000000000058680                SYN_PowerDownCom
 *fill*         0x0000000000058685        0x3 
 .sdata         0x0000000000058688        0x8 d:/ruanjian/quartus15.0/quartus/nios2eds/bin/gnu/h-x86_64-mingw32/bin/../lib/gcc/nios2-elf/4.9.1/../../../../../H-x86_64-mingw32/nios2-elf/lib\libc.a(lib_a-impure.o)
                0x0000000000058688                _global_impure_ptr
                0x000000000005868c                _impure_ptr
 .sdata         0x0000000000058690        0x4 d:/ruanjian/quartus15.0/quartus/nios2eds/bin/gnu/h-x86_64-mingw32/bin/../lib/gcc/nios2-elf/4.9.1/../../../../../H-x86_64-mingw32/nios2-elf/lib\libc.a(lib_a-locale.o)
                0x0000000000058690                __mb_cur_max
 .sdata         0x0000000000058694        0x8 d:/ruanjian/quartus15.0/quartus/nios2eds/bin/gnu/h-x86_64-mingw32/bin/../lib/gcc/nios2-elf/4.9.1/../../../../../H-x86_64-mingw32/nios2-elf/lib\libc.a(lib_a-mallocr.o)
                0x0000000000058694                __malloc_sbrk_base
                0x0000000000058698                __malloc_trim_threshold
 .sdata         0x000000000005869c        0x4 d:/ruanjian/quartus15.0/quartus/nios2eds/bin/gnu/h-x86_64-mingw32/bin/../lib/gcc/nios2-elf/4.9.1/../../../../../H-x86_64-mingw32/nios2-elf/lib\libc.a(lib_a-wctomb_r.o)
                0x000000000005869c                __wctomb
 .sdata         0x00000000000586a0       0x14 D:/Ruanjian/Quartus15.0/Test/Shouyu/Sign_G/qsys/software/Sign_G_bsp/\libhal_bsp.a(alt_dev.o)
                0x00000000000586a0                alt_fs_list
                0x00000000000586a8                alt_dev_list
                0x00000000000586b0                alt_max_fd
 .sdata         0x00000000000586b4        0x4 D:/Ruanjian/Quartus15.0/Test/Shouyu/Sign_G/qsys/software/Sign_G_bsp/\libhal_bsp.a(alt_errno.o)
                0x00000000000586b4                alt_errno
 .sdata         0x00000000000586b8        0x4 D:/Ruanjian/Quartus15.0/Test/Shouyu/Sign_G/qsys/software/Sign_G_bsp/\libhal_bsp.a(alt_irq_vars.o)
                0x00000000000586b8                alt_priority_mask
 .sdata         0x00000000000586bc        0x4 D:/Ruanjian/Quartus15.0/Test/Shouyu/Sign_G/qsys/software/Sign_G_bsp/\libhal_bsp.a(alt_sbrk.o)
 .sdata         0x00000000000586c0        0x8 D:/Ruanjian/Quartus15.0/Test/Shouyu/Sign_G/qsys/software/Sign_G_bsp/\libhal_bsp.a(alt_tick.o)
                0x00000000000586c0                alt_alarm_list
 *(.sdata2 .sdata2.* .gnu.linkonce.s2.*)
                0x00000000000586c8                . = ALIGN (0x4)
                0x00000000000586c8                _edata = ABSOLUTE (.)
                0x00000000000586c8                PROVIDE (edata, ABSOLUTE (.))
                0x00000000000586c8                PROVIDE (__ram_rwdata_end, ABSOLUTE (.))
                0x00000000000586c8                PROVIDE (__flash_rwdata_start, LOADADDR (.rwdata))

.bss            0x000000000005a8d0      0x5a4
                0x000000000005a8d0                __bss_start = ABSOLUTE (.)
                0x000000000005a8d0                PROVIDE (__sbss_start, ABSOLUTE (.))
                0x000000000005a8d0                PROVIDE (___sbss_start, ABSOLUTE (.))
 *(.dynsbss)
 *(.sbss .sbss.* .gnu.linkonce.sb.*)
 .sbss          0x000000000005a8d0        0x2 obj/default/Sign_G.o
                0x000000000005a8d0                RxCounter
                0x000000000005a8d1                Res
 *fill*         0x000000000005a8d2        0x2 
 .sbss          0x000000000005a8d4        0xc d:/ruanjian/quartus15.0/quartus/nios2eds/bin/gnu/h-x86_64-mingw32/bin/../lib/gcc/nios2-elf/4.9.1/../../../../../H-x86_64-mingw32/nios2-elf/lib\libc.a(lib_a-locale.o)
                0x000000000005a8d4                _PathLocale
                0x000000000005a8d8                __mlocale_changed
                0x000000000005a8dc                __nlocale_changed
 .sbss          0x000000000005a8e0        0xc d:/ruanjian/quartus15.0/quartus/nios2eds/bin/gnu/h-x86_64-mingw32/bin/../lib/gcc/nios2-elf/4.9.1/../../../../../H-x86_64-mingw32/nios2-elf/lib\libc.a(lib_a-mallocr.o)
                0x000000000005a8e0                __malloc_max_total_mem
                0x000000000005a8e4                __malloc_max_sbrked_mem
                0x000000000005a8e8                __malloc_top_pad
 .sbss          0x000000000005a8ec        0x4 d:/ruanjian/quartus15.0/quartus/nios2eds/bin/gnu/h-x86_64-mingw32/bin/../lib/gcc/nios2-elf/4.9.1/../../../../../H-x86_64-mingw32/nios2-elf/lib\libc.a(lib_a-int_errno.o)
                0x000000000005a8ec                errno
 .sbss          0x000000000005a8f0        0x4 D:/Ruanjian/Quartus15.0/Test/Shouyu/Sign_G/qsys/software/Sign_G_bsp/\libhal_bsp.a(alt_irq_vars.o)
                0x000000000005a8f0                alt_irq_active
 .sbss          0x000000000005a8f4        0xc D:/Ruanjian/Quartus15.0/Test/Shouyu/Sign_G/qsys/software/Sign_G_bsp/\libhal_bsp.a(alt_main.o)
                0x000000000005a8f4                alt_argc
                0x000000000005a8f8                alt_argv
                0x000000000005a8fc                alt_envp
 .sbss          0x000000000005a900        0x8 D:/Ruanjian/Quartus15.0/Test/Shouyu/Sign_G/qsys/software/Sign_G_bsp/\libhal_bsp.a(alt_tick.o)
                0x000000000005a900                _alt_tick_rate
                0x000000000005a904                _alt_nticks
 .sbss          0x000000000005a908        0x4 D:/Ruanjian/Quartus15.0/Test/Shouyu/Sign_G/qsys/software/Sign_G_bsp/\libhal_bsp.a(alt_instruction_exception_entry.o)
                0x000000000005a908                alt_instruction_exception_handler
 *(.sbss2 .sbss2.* .gnu.linkonce.sb2.*)
 *(.scommon)
                0x000000000005a90c                PROVIDE (__sbss_end, ABSOLUTE (.))
                0x000000000005a90c                PROVIDE (___sbss_end, ABSOLUTE (.))
 *(.dynbss)
 *(.bss .bss.* .gnu.linkonce.b.*)
 .bss           0x000000000005a90c        0x0 D:/Ruanjian/Quartus15.0/Test/Shouyu/Sign_G/qsys/software/Sign_G_bsp//obj/HAL/src/crt0.o
 .bss           0x000000000005a90c      0x434 obj/default/Sign_G.o
                0x000000000005a90c                send_data
                0x000000000005ab64                a
                0x000000000005ab70                w
                0x000000000005ab7c                angle
                0x000000000005ab88                sample_v
                0x000000000005ab9c                sample_a
                0x000000000005abb0                distance_v
                0x000000000005ad08                distance_a
 .bss           0x000000000005ad40        0x0 d:/ruanjian/quartus15.0/quartus/nios2eds/bin/gnu/h-x86_64-mingw32/bin/../lib/gcc/nios2-elf/4.9.1\libgcc.a(_fixunssfsi.o)
 .bss           0x000000000005ad40        0x0 d:/ruanjian/quartus15.0/quartus/nios2eds/bin/gnu/h-x86_64-mingw32/bin/../lib/gcc/nios2-elf/4.9.1\libgcc.a(addsf3.o)
 .bss           0x000000000005ad40        0x0 d:/ruanjian/quartus15.0/quartus/nios2eds/bin/gnu/h-x86_64-mingw32/bin/../lib/gcc/nios2-elf/4.9.1\libgcc.a(divsf3.o)
 .bss           0x000000000005ad40        0x0 d:/ruanjian/quartus15.0/quartus/nios2eds/bin/gnu/h-x86_64-mingw32/bin/../lib/gcc/nios2-elf/4.9.1\libgcc.a(gesf2.o)
 .bss           0x000000000005ad40        0x0 d:/ruanjian/quartus15.0/quartus/nios2eds/bin/gnu/h-x86_64-mingw32/bin/../lib/gcc/nios2-elf/4.9.1\libgcc.a(lesf2.o)
 .bss           0x000000000005ad40        0x0 d:/ruanjian/quartus15.0/quartus/nios2eds/bin/gnu/h-x86_64-mingw32/bin/../lib/gcc/nios2-elf/4.9.1\libgcc.a(mulsf3.o)
 .bss           0x000000000005ad40        0x0 d:/ruanjian/quartus15.0/quartus/nios2eds/bin/gnu/h-x86_64-mingw32/bin/../lib/gcc/nios2-elf/4.9.1\libgcc.a(subsf3.o)
 .bss           0x000000000005ad40        0x0 d:/ruanjian/quartus15.0/quartus/nios2eds/bin/gnu/h-x86_64-mingw32/bin/../lib/gcc/nios2-elf/4.9.1\libgcc.a(fixsfsi.o)
 .bss           0x000000000005ad40        0x0 d:/ruanjian/quartus15.0/quartus/nios2eds/bin/gnu/h-x86_64-mingw32/bin/../lib/gcc/nios2-elf/4.9.1\libgcc.a(floatsisf.o)
 .bss           0x000000000005ad40        0x0 d:/ruanjian/quartus15.0/quartus/nios2eds/bin/gnu/h-x86_64-mingw32/bin/../lib/gcc/nios2-elf/4.9.1\libgcc.a(floatunsisf.o)
 .bss           0x000000000005ad40        0x0 d:/ruanjian/quartus15.0/quartus/nios2eds/bin/gnu/h-x86_64-mingw32/bin/../lib/gcc/nios2-elf/4.9.1\libgcc.a(divdf3.o)
 .bss           0x000000000005ad40        0x0 d:/ruanjian/quartus15.0/quartus/nios2eds/bin/gnu/h-x86_64-mingw32/bin/../lib/gcc/nios2-elf/4.9.1\libgcc.a(gedf2.o)
 .bss           0x000000000005ad40        0x0 d:/ruanjian/quartus15.0/quartus/nios2eds/bin/gnu/h-x86_64-mingw32/bin/../lib/gcc/nios2-elf/4.9.1\libgcc.a(muldf3.o)
 .bss           0x000000000005ad40        0x0 d:/ruanjian/quartus15.0/quartus/nios2eds/bin/gnu/h-x86_64-mingw32/bin/../lib/gcc/nios2-elf/4.9.1\libgcc.a(floatsidf.o)
 .bss           0x000000000005ad40        0x0 d:/ruanjian/quartus15.0/quartus/nios2eds/bin/gnu/h-x86_64-mingw32/bin/../lib/gcc/nios2-elf/4.9.1\libgcc.a(extendsfdf2.o)
 .bss           0x000000000005ad40        0x0 d:/ruanjian/quartus15.0/quartus/nios2eds/bin/gnu/h-x86_64-mingw32/bin/../lib/gcc/nios2-elf/4.9.1\libgcc.a(truncdfsf2.o)
 .bss           0x000000000005ad40        0x0 d:/ruanjian/quartus15.0/quartus/nios2eds/bin/gnu/h-x86_64-mingw32/bin/../lib/gcc/nios2-elf/4.9.1\libgcc.a(_clzsi2.o)
 .bss           0x000000000005ad40        0x0 d:/ruanjian/quartus15.0/quartus/nios2eds/bin/gnu/h-x86_64-mingw32/bin/../lib/gcc/nios2-elf/4.9.1\libgcc.a(lib2-divmod.o)
 .bss           0x000000000005ad40        0x0 d:/ruanjian/quartus15.0/quartus/nios2eds/bin/gnu/h-x86_64-mingw32/bin/../lib/gcc/nios2-elf/4.9.1\libgcc.a(_clz.o)
 .bss           0x000000000005ad40        0x0 d:/ruanjian/quartus15.0/quartus/nios2eds/bin/gnu/h-x86_64-mingw32/bin/../lib/gcc/nios2-elf/4.9.1/../../../../../H-x86_64-mingw32/nios2-elf/lib\libc.a(lib_a-memcpy.o)
 .bss           0x000000000005ad40        0x0 d:/ruanjian/quartus15.0/quartus/nios2eds/bin/gnu/h-x86_64-mingw32/bin/../lib/gcc/nios2-elf/4.9.1/../../../../../H-x86_64-mingw32/nios2-elf/lib\libc.a(lib_a-memset.o)
 .bss           0x000000000005ad40        0x0 d:/ruanjian/quartus15.0/quartus/nios2eds/bin/gnu/h-x86_64-mingw32/bin/../lib/gcc/nios2-elf/4.9.1/../../../../../H-x86_64-mingw32/nios2-elf/lib\libc.a(lib_a-printf.o)
 .bss           0x000000000005ad40        0x0 d:/ruanjian/quartus15.0/quartus/nios2eds/bin/gnu/h-x86_64-mingw32/bin/../lib/gcc/nios2-elf/4.9.1/../../../../../H-x86_64-mingw32/nios2-elf/lib\libc.a(lib_a-strlen.o)
 .bss           0x000000000005ad40        0x0 d:/ruanjian/quartus15.0/quartus/nios2eds/bin/gnu/h-x86_64-mingw32/bin/../lib/gcc/nios2-elf/4.9.1/../../../../../H-x86_64-mingw32/nios2-elf/lib\libc.a(lib_a-vfprintf.o)
 .bss           0x000000000005ad40        0x0 d:/ruanjian/quartus15.0/quartus/nios2eds/bin/gnu/h-x86_64-mingw32/bin/../lib/gcc/nios2-elf/4.9.1/../../../../../H-x86_64-mingw32/nios2-elf/lib\libc.a(lib_a-vsprintf.o)
 .bss           0x000000000005ad40        0x0 d:/ruanjian/quartus15.0/quartus/nios2eds/bin/gnu/h-x86_64-mingw32/bin/../lib/gcc/nios2-elf/4.9.1/../../../../../H-x86_64-mingw32/nios2-elf/lib\libc.a(lib_a-wsetup.o)
 .bss           0x000000000005ad40        0x0 d:/ruanjian/quartus15.0/quartus/nios2eds/bin/gnu/h-x86_64-mingw32/bin/../lib/gcc/nios2-elf/4.9.1/../../../../../H-x86_64-mingw32/nios2-elf/lib\libc.a(lib_a-dtoa.o)
 .bss           0x000000000005ad40        0x0 d:/ruanjian/quartus15.0/quartus/nios2eds/bin/gnu/h-x86_64-mingw32/bin/../lib/gcc/nios2-elf/4.9.1/../../../../../H-x86_64-mingw32/nios2-elf/lib\libc.a(lib_a-fflush.o)
 .bss           0x000000000005ad40        0x0 d:/ruanjian/quartus15.0/quartus/nios2eds/bin/gnu/h-x86_64-mingw32/bin/../lib/gcc/nios2-elf/4.9.1/../../../../../H-x86_64-mingw32/nios2-elf/lib\libc.a(lib_a-findfp.o)
 .bss           0x000000000005ad40        0x0 d:/ruanjian/quartus15.0/quartus/nios2eds/bin/gnu/h-x86_64-mingw32/bin/../lib/gcc/nios2-elf/4.9.1/../../../../../H-x86_64-mingw32/nios2-elf/lib\libc.a(lib_a-freer.o)
 .bss           0x000000000005ad40        0x0 d:/ruanjian/quartus15.0/quartus/nios2eds/bin/gnu/h-x86_64-mingw32/bin/../lib/gcc/nios2-elf/4.9.1/../../../../../H-x86_64-mingw32/nios2-elf/lib\libc.a(lib_a-fwalk.o)
 .bss           0x000000000005ad40        0x0 d:/ruanjian/quartus15.0/quartus/nios2eds/bin/gnu/h-x86_64-mingw32/bin/../lib/gcc/nios2-elf/4.9.1/../../../../../H-x86_64-mingw32/nios2-elf/lib\libc.a(lib_a-impure.o)
 .bss           0x000000000005ad40        0x0 d:/ruanjian/quartus15.0/quartus/nios2eds/bin/gnu/h-x86_64-mingw32/bin/../lib/gcc/nios2-elf/4.9.1/../../../../../H-x86_64-mingw32/nios2-elf/lib\libc.a(lib_a-locale.o)
 .bss           0x000000000005ad40        0x0 d:/ruanjian/quartus15.0/quartus/nios2eds/bin/gnu/h-x86_64-mingw32/bin/../lib/gcc/nios2-elf/4.9.1/../../../../../H-x86_64-mingw32/nios2-elf/lib\libc.a(lib_a-makebuf.o)
 .bss           0x000000000005ad40       0x28 d:/ruanjian/quartus15.0/quartus/nios2eds/bin/gnu/h-x86_64-mingw32/bin/../lib/gcc/nios2-elf/4.9.1/../../../../../H-x86_64-mingw32/nios2-elf/lib\libc.a(lib_a-mallocr.o)
                0x000000000005ad40                __malloc_current_mallinfo
 .bss           0x000000000005ad68        0x0 d:/ruanjian/quartus15.0/quartus/nios2eds/bin/gnu/h-x86_64-mingw32/bin/../lib/gcc/nios2-elf/4.9.1/../../../../../H-x86_64-mingw32/nios2-elf/lib\libc.a(lib_a-memchr.o)
 .bss           0x000000000005ad68        0x0 d:/ruanjian/quartus15.0/quartus/nios2eds/bin/gnu/h-x86_64-mingw32/bin/../lib/gcc/nios2-elf/4.9.1/../../../../../H-x86_64-mingw32/nios2-elf/lib\libc.a(lib_a-mprec.o)
 .bss           0x000000000005ad68        0x0 d:/ruanjian/quartus15.0/quartus/nios2eds/bin/gnu/h-x86_64-mingw32/bin/../lib/gcc/nios2-elf/4.9.1/../../../../../H-x86_64-mingw32/nios2-elf/lib\libc.a(lib_a-s_fpclassify.o)
 .bss           0x000000000005ad68        0x0 d:/ruanjian/quartus15.0/quartus/nios2eds/bin/gnu/h-x86_64-mingw32/bin/../lib/gcc/nios2-elf/4.9.1/../../../../../H-x86_64-mingw32/nios2-elf/lib\libc.a(lib_a-sbrkr.o)
 .bss           0x000000000005ad68        0x0 d:/ruanjian/quartus15.0/quartus/nios2eds/bin/gnu/h-x86_64-mingw32/bin/../lib/gcc/nios2-elf/4.9.1/../../../../../H-x86_64-mingw32/nios2-elf/lib\libc.a(lib_a-stdio.o)
 .bss           0x000000000005ad68        0x0 d:/ruanjian/quartus15.0/quartus/nios2eds/bin/gnu/h-x86_64-mingw32/bin/../lib/gcc/nios2-elf/4.9.1/../../../../../H-x86_64-mingw32/nios2-elf/lib\libc.a(lib_a-strcmp.o)
 .bss           0x000000000005ad68        0x0 d:/ruanjian/quartus15.0/quartus/nios2eds/bin/gnu/h-x86_64-mingw32/bin/../lib/gcc/nios2-elf/4.9.1/../../../../../H-x86_64-mingw32/nios2-elf/lib\libc.a(lib_a-svfprintf.o)
 .bss           0x000000000005ad68        0x0 d:/ruanjian/quartus15.0/quartus/nios2eds/bin/gnu/h-x86_64-mingw32/bin/../lib/gcc/nios2-elf/4.9.1/../../../../../H-x86_64-mingw32/nios2-elf/lib\libc.a(lib_a-vfiprintf.o)
 .bss           0x000000000005ad68        0x0 d:/ruanjian/quartus15.0/quartus/nios2eds/bin/gnu/h-x86_64-mingw32/bin/../lib/gcc/nios2-elf/4.9.1/../../../../../H-x86_64-mingw32/nios2-elf/lib\libc.a(lib_a-writer.o)
 .bss           0x000000000005ad68        0x0 d:/ruanjian/quartus15.0/quartus/nios2eds/bin/gnu/h-x86_64-mingw32/bin/../lib/gcc/nios2-elf/4.9.1/../../../../../H-x86_64-mingw32/nios2-elf/lib\libc.a(closer.o)
 .bss           0x000000000005ad68        0x0 d:/ruanjian/quartus15.0/quartus/nios2eds/bin/gnu/h-x86_64-mingw32/bin/../lib/gcc/nios2-elf/4.9.1/../../../../../H-x86_64-mingw32/nios2-elf/lib\libc.a(lib_a-callocr.o)
 .bss           0x000000000005ad68        0x0 d:/ruanjian/quartus15.0/quartus/nios2eds/bin/gnu/h-x86_64-mingw32/bin/../lib/gcc/nios2-elf/4.9.1/../../../../../H-x86_64-mingw32/nios2-elf/lib\libc.a(lib_a-fclose.o)
 .bss           0x000000000005ad68        0x0 d:/ruanjian/quartus15.0/quartus/nios2eds/bin/gnu/h-x86_64-mingw32/bin/../lib/gcc/nios2-elf/4.9.1/../../../../../H-x86_64-mingw32/nios2-elf/lib\libc.a(lib_a-fputwc.o)
 .bss           0x000000000005ad68        0x0 d:/ruanjian/quartus15.0/quartus/nios2eds/bin/gnu/h-x86_64-mingw32/bin/../lib/gcc/nios2-elf/4.9.1/../../../../../H-x86_64-mingw32/nios2-elf/lib\libc.a(lib_a-fstatr.o)
 .bss           0x000000000005ad68        0x0 d:/ruanjian/quartus15.0/quartus/nios2eds/bin/gnu/h-x86_64-mingw32/bin/../lib/gcc/nios2-elf/4.9.1/../../../../../H-x86_64-mingw32/nios2-elf/lib\libc.a(lib_a-fvwrite.o)
 .bss           0x000000000005ad68        0x0 d:/ruanjian/quartus15.0/quartus/nios2eds/bin/gnu/h-x86_64-mingw32/bin/../lib/gcc/nios2-elf/4.9.1/../../../../../H-x86_64-mingw32/nios2-elf/lib\libc.a(lib_a-int_errno.o)
 .bss           0x000000000005ad68        0x0 d:/ruanjian/quartus15.0/quartus/nios2eds/bin/gnu/h-x86_64-mingw32/bin/../lib/gcc/nios2-elf/4.9.1/../../../../../H-x86_64-mingw32/nios2-elf/lib\libc.a(lib_a-isattyr.o)
 .bss           0x000000000005ad68        0x0 d:/ruanjian/quartus15.0/quartus/nios2eds/bin/gnu/h-x86_64-mingw32/bin/../lib/gcc/nios2-elf/4.9.1/../../../../../H-x86_64-mingw32/nios2-elf/lib\libc.a(lib_a-lseekr.o)
 .bss           0x000000000005ad68        0x0 d:/ruanjian/quartus15.0/quartus/nios2eds/bin/gnu/h-x86_64-mingw32/bin/../lib/gcc/nios2-elf/4.9.1/../../../../../H-x86_64-mingw32/nios2-elf/lib\libc.a(lib_a-memmove.o)
 .bss           0x000000000005ad68        0x0 d:/ruanjian/quartus15.0/quartus/nios2eds/bin/gnu/h-x86_64-mingw32/bin/../lib/gcc/nios2-elf/4.9.1/../../../../../H-x86_64-mingw32/nios2-elf/lib\libc.a(lib_a-readr.o)
 .bss           0x000000000005ad68        0x0 d:/ruanjian/quartus15.0/quartus/nios2eds/bin/gnu/h-x86_64-mingw32/bin/../lib/gcc/nios2-elf/4.9.1/../../../../../H-x86_64-mingw32/nios2-elf/lib\libc.a(lib_a-reallocr.o)
 .bss           0x000000000005ad68        0x0 d:/ruanjian/quartus15.0/quartus/nios2eds/bin/gnu/h-x86_64-mingw32/bin/../lib/gcc/nios2-elf/4.9.1/../../../../../H-x86_64-mingw32/nios2-elf/lib\libc.a(lib_a-svfiprintf.o)
 .bss           0x000000000005ad68        0x0 d:/ruanjian/quartus15.0/quartus/nios2eds/bin/gnu/h-x86_64-mingw32/bin/../lib/gcc/nios2-elf/4.9.1/../../../../../H-x86_64-mingw32/nios2-elf/lib\libc.a(lib_a-wbuf.o)
 .bss           0x000000000005ad68        0x0 d:/ruanjian/quartus15.0/quartus/nios2eds/bin/gnu/h-x86_64-mingw32/bin/../lib/gcc/nios2-elf/4.9.1/../../../../../H-x86_64-mingw32/nios2-elf/lib\libc.a(lib_a-wcrtomb.o)
 .bss           0x000000000005ad68        0x0 d:/ruanjian/quartus15.0/quartus/nios2eds/bin/gnu/h-x86_64-mingw32/bin/../lib/gcc/nios2-elf/4.9.1/../../../../../H-x86_64-mingw32/nios2-elf/lib\libc.a(lib_a-wctomb_r.o)
 .bss           0x000000000005ad68        0x0 d:/ruanjian/quartus15.0/quartus/nios2eds/bin/gnu/h-x86_64-mingw32/bin/../lib/gcc/nios2-elf/4.9.1\libgcc.a(_udivdi3.o)
 .bss           0x000000000005ad68        0x0 d:/ruanjian/quartus15.0/quartus/nios2eds/bin/gnu/h-x86_64-mingw32/bin/../lib/gcc/nios2-elf/4.9.1\libgcc.a(_umoddi3.o)
 .bss           0x000000000005ad68        0x0 d:/ruanjian/quartus15.0/quartus/nios2eds/bin/gnu/h-x86_64-mingw32/bin/../lib/gcc/nios2-elf/4.9.1\libgcc.a(adddf3.o)
 .bss           0x000000000005ad68        0x0 d:/ruanjian/quartus15.0/quartus/nios2eds/bin/gnu/h-x86_64-mingw32/bin/../lib/gcc/nios2-elf/4.9.1\libgcc.a(eqdf2.o)
 .bss           0x000000000005ad68        0x0 d:/ruanjian/quartus15.0/quartus/nios2eds/bin/gnu/h-x86_64-mingw32/bin/../lib/gcc/nios2-elf/4.9.1\libgcc.a(ledf2.o)
 .bss           0x000000000005ad68        0x0 d:/ruanjian/quartus15.0/quartus/nios2eds/bin/gnu/h-x86_64-mingw32/bin/../lib/gcc/nios2-elf/4.9.1\libgcc.a(subdf3.o)
 .bss           0x000000000005ad68        0x0 d:/ruanjian/quartus15.0/quartus/nios2eds/bin/gnu/h-x86_64-mingw32/bin/../lib/gcc/nios2-elf/4.9.1\libgcc.a(fixdfsi.o)
 .bss           0x000000000005ad68        0x0 d:/ruanjian/quartus15.0/quartus/nios2eds/bin/gnu/h-x86_64-mingw32/bin/../lib/gcc/nios2-elf/4.9.1\libgcc.a(floatunsidf.o)
 .bss           0x000000000005ad68        0x0 D:/Ruanjian/Quartus15.0/Test/Shouyu/Sign_G/qsys/software/Sign_G_bsp/\libhal_bsp.a(alt_close.o)
 .bss           0x000000000005ad68        0x0 D:/Ruanjian/Quartus15.0/Test/Shouyu/Sign_G/qsys/software/Sign_G_bsp/\libhal_bsp.a(alt_dev.o)
 .bss           0x000000000005ad68        0x0 D:/Ruanjian/Quartus15.0/Test/Shouyu/Sign_G/qsys/software/Sign_G_bsp/\libhal_bsp.a(alt_errno.o)
 .bss           0x000000000005ad68        0x0 D:/Ruanjian/Quartus15.0/Test/Shouyu/Sign_G/qsys/software/Sign_G_bsp/\libhal_bsp.a(alt_fstat.o)
 .bss           0x000000000005ad68        0x0 D:/Ruanjian/Quartus15.0/Test/Shouyu/Sign_G/qsys/software/Sign_G_bsp/\libhal_bsp.a(alt_irq_register.o)
 .bss           0x000000000005ad68        0x0 D:/Ruanjian/Quartus15.0/Test/Shouyu/Sign_G/qsys/software/Sign_G_bsp/\libhal_bsp.a(alt_irq_vars.o)
 .bss           0x000000000005ad68        0x0 D:/Ruanjian/Quartus15.0/Test/Shouyu/Sign_G/qsys/software/Sign_G_bsp/\libhal_bsp.a(alt_isatty.o)
 .bss           0x000000000005ad68        0x0 D:/Ruanjian/Quartus15.0/Test/Shouyu/Sign_G/qsys/software/Sign_G_bsp/\libhal_bsp.a(alt_load.o)
 .bss           0x000000000005ad68        0x0 D:/Ruanjian/Quartus15.0/Test/Shouyu/Sign_G/qsys/software/Sign_G_bsp/\libhal_bsp.a(alt_lseek.o)
 .bss           0x000000000005ad68        0x0 D:/Ruanjian/Quartus15.0/Test/Shouyu/Sign_G/qsys/software/Sign_G_bsp/\libhal_bsp.a(alt_main.o)
 .bss           0x000000000005ad68        0x0 D:/Ruanjian/Quartus15.0/Test/Shouyu/Sign_G/qsys/software/Sign_G_bsp/\libhal_bsp.a(alt_malloc_lock.o)
 .bss           0x000000000005ad68        0x0 D:/Ruanjian/Quartus15.0/Test/Shouyu/Sign_G/qsys/software/Sign_G_bsp/\libhal_bsp.a(alt_read.o)
 .bss           0x000000000005ad68        0x0 D:/Ruanjian/Quartus15.0/Test/Shouyu/Sign_G/qsys/software/Sign_G_bsp/\libhal_bsp.a(alt_release_fd.o)
 .bss           0x000000000005ad68        0x0 D:/Ruanjian/Quartus15.0/Test/Shouyu/Sign_G/qsys/software/Sign_G_bsp/\libhal_bsp.a(alt_sbrk.o)
 .bss           0x000000000005ad68        0x0 D:/Ruanjian/Quartus15.0/Test/Shouyu/Sign_G/qsys/software/Sign_G_bsp/\libhal_bsp.a(alt_usleep.o)
 .bss           0x000000000005ad68        0x0 D:/Ruanjian/Quartus15.0/Test/Shouyu/Sign_G/qsys/software/Sign_G_bsp/\libhal_bsp.a(alt_write.o)
 .bss           0x000000000005ad68        0x0 D:/Ruanjian/Quartus15.0/Test/Shouyu/Sign_G/qsys/software/Sign_G_bsp/\libhal_bsp.a(alt_sys_init.o)
 .bss           0x000000000005ad68        0x0 D:/Ruanjian/Quartus15.0/Test/Shouyu/Sign_G/qsys/software/Sign_G_bsp/\libhal_bsp.a(altera_avalon_jtag_uart_fd.o)
 .bss           0x000000000005ad68        0x0 D:/Ruanjian/Quartus15.0/Test/Shouyu/Sign_G/qsys/software/Sign_G_bsp/\libhal_bsp.a(altera_avalon_jtag_uart_init.o)
 .bss           0x000000000005ad68        0x0 D:/Ruanjian/Quartus15.0/Test/Shouyu/Sign_G/qsys/software/Sign_G_bsp/\libhal_bsp.a(altera_avalon_jtag_uart_ioctl.o)
 .bss           0x000000000005ad68        0x0 D:/Ruanjian/Quartus15.0/Test/Shouyu/Sign_G/qsys/software/Sign_G_bsp/\libhal_bsp.a(altera_avalon_jtag_uart_read.o)
 .bss           0x000000000005ad68        0x0 D:/Ruanjian/Quartus15.0/Test/Shouyu/Sign_G/qsys/software/Sign_G_bsp/\libhal_bsp.a(altera_avalon_jtag_uart_write.o)
 .bss           0x000000000005ad68        0x0 D:/Ruanjian/Quartus15.0/Test/Shouyu/Sign_G/qsys/software/Sign_G_bsp/\libhal_bsp.a(altera_avalon_uart_fd.o)
 .bss           0x000000000005ad68        0x0 D:/Ruanjian/Quartus15.0/Test/Shouyu/Sign_G/qsys/software/Sign_G_bsp/\libhal_bsp.a(altera_avalon_uart_init.o)
 .bss           0x000000000005ad68        0x0 D:/Ruanjian/Quartus15.0/Test/Shouyu/Sign_G/qsys/software/Sign_G_bsp/\libhal_bsp.a(altera_avalon_uart_read.o)
 .bss           0x000000000005ad68        0x0 D:/Ruanjian/Quartus15.0/Test/Shouyu/Sign_G/qsys/software/Sign_G_bsp/\libhal_bsp.a(altera_avalon_uart_write.o)
 .bss           0x000000000005ad68        0x0 D:/Ruanjian/Quartus15.0/Test/Shouyu/Sign_G/qsys/software/Sign_G_bsp/\libhal_bsp.a(alt_alarm_start.o)
 .bss           0x000000000005ad68        0x0 D:/Ruanjian/Quartus15.0/Test/Shouyu/Sign_G/qsys/software/Sign_G_bsp/\libhal_bsp.a(alt_busy_sleep.o)
 .bss           0x000000000005ad68        0x0 D:/Ruanjian/Quartus15.0/Test/Shouyu/Sign_G/qsys/software/Sign_G_bsp/\libhal_bsp.a(alt_dcache_flush_all.o)
 .bss           0x000000000005ad68        0x0 D:/Ruanjian/Quartus15.0/Test/Shouyu/Sign_G/qsys/software/Sign_G_bsp/\libhal_bsp.a(alt_dev_llist_insert.o)
 .bss           0x000000000005ad68        0x0 D:/Ruanjian/Quartus15.0/Test/Shouyu/Sign_G/qsys/software/Sign_G_bsp/\libhal_bsp.a(alt_icache_flush_all.o)
 .bss           0x000000000005ad68        0x0 D:/Ruanjian/Quartus15.0/Test/Shouyu/Sign_G/qsys/software/Sign_G_bsp/\libhal_bsp.a(alt_iic.o)
 .bss           0x000000000005ad68        0x0 D:/Ruanjian/Quartus15.0/Test/Shouyu/Sign_G/qsys/software/Sign_G_bsp/\libhal_bsp.a(alt_iic_isr_register.o)
 .bss           0x000000000005ad68        0x0 D:/Ruanjian/Quartus15.0/Test/Shouyu/Sign_G/qsys/software/Sign_G_bsp/\libhal_bsp.a(alt_io_redirect.o)
 .bss           0x000000000005ad68        0x0 D:/Ruanjian/Quartus15.0/Test/Shouyu/Sign_G/qsys/software/Sign_G_bsp/\libhal_bsp.a(alt_irq_entry.o)
 .bss           0x000000000005ad68        0x0 D:/Ruanjian/Quartus15.0/Test/Shouyu/Sign_G/qsys/software/Sign_G_bsp/\libhal_bsp.a(alt_irq_handler.o)
 .bss           0x000000000005ad68        0x0 D:/Ruanjian/Quartus15.0/Test/Shouyu/Sign_G/qsys/software/Sign_G_bsp/\libhal_bsp.a(alt_open.o)
 .bss           0x000000000005ad68        0x0 D:/Ruanjian/Quartus15.0/Test/Shouyu/Sign_G/qsys/software/Sign_G_bsp/\libhal_bsp.a(alt_tick.o)
 .bss           0x000000000005ad68        0x0 D:/Ruanjian/Quartus15.0/Test/Shouyu/Sign_G/qsys/software/Sign_G_bsp/\libhal_bsp.a(altera_nios2_gen2_irq.o)
 .bss           0x000000000005ad68        0x0 D:/Ruanjian/Quartus15.0/Test/Shouyu/Sign_G/qsys/software/Sign_G_bsp/\libhal_bsp.a(alt_exception_entry.o)
 .bss           0x000000000005ad68        0x0 D:/Ruanjian/Quartus15.0/Test/Shouyu/Sign_G/qsys/software/Sign_G_bsp/\libhal_bsp.a(alt_find_dev.o)
 .bss           0x000000000005ad68        0x0 D:/Ruanjian/Quartus15.0/Test/Shouyu/Sign_G/qsys/software/Sign_G_bsp/\libhal_bsp.a(alt_find_file.o)
 .bss           0x000000000005ad68        0x0 D:/Ruanjian/Quartus15.0/Test/Shouyu/Sign_G/qsys/software/Sign_G_bsp/\libhal_bsp.a(alt_get_fd.o)
 .bss           0x000000000005ad68        0x0 D:/Ruanjian/Quartus15.0/Test/Shouyu/Sign_G/qsys/software/Sign_G_bsp/\libhal_bsp.a(alt_icache_flush.o)
 .bss           0x000000000005ad68        0x0 D:/Ruanjian/Quartus15.0/Test/Shouyu/Sign_G/qsys/software/Sign_G_bsp/\libhal_bsp.a(alt_instruction_exception_entry.o)
 .bss           0x000000000005ad68        0x0 d:/ruanjian/quartus15.0/quartus/nios2eds/bin/gnu/h-x86_64-mingw32/bin/../lib/gcc/nios2-elf/4.9.1/../../../../../H-x86_64-mingw32/nios2-elf/lib\libc.a(lib_a-exit.o)
 .bss           0x000000000005ad68        0x0 d:/ruanjian/quartus15.0/quartus/nios2eds/bin/gnu/h-x86_64-mingw32/bin/../lib/gcc/nios2-elf/4.9.1/../../../../../H-x86_64-mingw32/nios2-elf/lib\libc.a(lib_a-memcmp.o)
 .bss           0x000000000005ad68        0x0 d:/ruanjian/quartus15.0/quartus/nios2eds/bin/gnu/h-x86_64-mingw32/bin/../lib/gcc/nios2-elf/4.9.1/../../../../../H-x86_64-mingw32/nios2-elf/lib\libc.a(lib_a-__call_atexit.o)
 .bss           0x000000000005ad68        0x0 D:/Ruanjian/Quartus15.0/Test/Shouyu/Sign_G/qsys/software/Sign_G_bsp/\libhal_bsp.a(alt_exit.o)
 *(COMMON)
 COMMON         0x000000000005ad68        0xb obj/default/Sign_G.o
                0x000000000005ad68                RxBuffer
 *fill*         0x000000000005ad73        0x1 